[    0.000000] Initializing cgroup subsys cpuset
[    0.000000] Initializing cgroup subsys cpu
[    0.000000] Initializing cgroup subsys cpuacct
[    0.000000] Linux version 4.4.0-210-generic (buildd@lgw01-amd64-009) (gcc version 5.4.0 20160609 (Ubuntu 5.4.0-6ubuntu1~16.04.12) ) #242-Ubuntu SMP Fri Apr 16 09:57:56 UTC 2021 (Ubuntu 4.4.0-210.242-generic 4.4.262)
[    0.000000] Command line: BOOT_IMAGE=/boot/vmlinuz-4.4.0-210-generic root=LABEL=cloudimg-rootfs ro console=tty1 console=ttyS0
[    0.000000] KERNEL supported cpus:
[    0.000000]   Intel GenuineIntel
[    0.000000]   AMD AuthenticAMD
[    0.000000]   Centaur CentaurHauls
[    0.000000] [Firmware Bug]: TSC doesn't count with P0 frequency!
[    0.000000] x86/fpu: xstate_offset[2]:  576, xstate_sizes[2]:  256
[    0.000000] x86/fpu: Supporting XSAVE feature 0x01: 'x87 floating point registers'
[    0.000000] x86/fpu: Supporting XSAVE feature 0x02: 'SSE registers'
[    0.000000] x86/fpu: Supporting XSAVE feature 0x04: 'AVX registers'
[    0.000000] x86/fpu: Enabled xstate features 0x7, context size is 832 bytes, using 'standard' format.
[    0.000000] e820: BIOS-provided physical RAM map:
[    0.000000] BIOS-e820: [mem 0x0000000000000000-0x000000000009fbff] usable
[    0.000000] BIOS-e820: [mem 0x000000000009fc00-0x000000000009ffff] reserved
[    0.000000] BIOS-e820: [mem 0x00000000000f0000-0x00000000000fffff] reserved
[    0.000000] BIOS-e820: [mem 0x0000000000100000-0x000000003ffeffff] usable
[    0.000000] BIOS-e820: [mem 0x000000003fff0000-0x000000003fffffff] ACPI data
[    0.000000] BIOS-e820: [mem 0x00000000fec00000-0x00000000fec00fff] reserved
[    0.000000] BIOS-e820: [mem 0x00000000fee00000-0x00000000fee00fff] reserved
[    0.000000] BIOS-e820: [mem 0x00000000fffc0000-0x00000000ffffffff] reserved
[    0.000000] NX (Execute Disable) protection: active
[    0.000000] SMBIOS 2.5 present.
[    0.000000] Hypervisor detected: KVM
[    0.000000] Kernel/User page tables isolation: disabled
[    0.000000] e820: last_pfn = 0x3fff0 max_arch_pfn = 0x400000000
[    0.000000] MTRR: Disabled
[    0.000000] x86/PAT: MTRRs disabled, skipping PAT initialization too.
[    0.000000] CPU MTRRs all blank - virtualized system.
[    0.000000] x86/PAT: Configuration [0-7]: WB  WT  UC- UC  WB  WT  UC- UC  
[    0.000000] found SMP MP-table at [mem 0x0009fff0-0x0009ffff] mapped at [ffff88000009fff0]
[    0.000000] Scanning 1 areas for low memory corruption
[    0.000000] RAMDISK: [mem 0x362dc000-0x37165fff]
[    0.000000] ACPI: Early table checksum verification disabled
[    0.000000] ACPI: RSDP 0x00000000000E0000 000024 (v02 VBOX  )
[    0.000000] ACPI: XSDT 0x000000003FFF0030 00003C (v01 VBOX   VBOXXSDT 00000001 ASL  00000061)
[    0.000000] ACPI: FACP 0x000000003FFF00F0 0000F4 (v04 VBOX   VBOXFACP 00000001 ASL  00000061)
[    0.000000] ACPI: DSDT 0x000000003FFF0610 002353 (v02 VBOX   VBOXBIOS 00000002 INTL 20100528)
[    0.000000] ACPI: FACS 0x000000003FFF0200 000040
[    0.000000] ACPI: FACS 0x000000003FFF0200 000040
[    0.000000] ACPI: APIC 0x000000003FFF0240 00005C (v02 VBOX   VBOXAPIC 00000001 ASL  00000061)
[    0.000000] ACPI: SSDT 0x000000003FFF02A0 00036C (v01 VBOX   VBOXCPUT 00000002 INTL 20100528)
[    0.000000] No NUMA configuration found
[    0.000000] Faking a node at [mem 0x0000000000000000-0x000000003ffeffff]
[    0.000000] NODE_DATA(0) allocated [mem 0x3ffeb000-0x3ffeffff]
[    0.000000] kvm-clock: Using msrs 4b564d01 and 4b564d00
[    0.000000] kvm-clock: cpu 0, msr 0:3ffe3001, primary cpu clock
[    0.000000] kvm-clock: using sched offset of 3309155191 cycles
[    0.000000] clocksource: kvm-clock: mask: 0xffffffffffffffff max_cycles: 0x1cd42e4dffb, max_idle_ns: 881590591483 ns
[    0.000000] Zone ranges:
[    0.000000]   DMA      [mem 0x0000000000001000-0x0000000000ffffff]
[    0.000000]   DMA32    [mem 0x0000000001000000-0x000000003ffeffff]
[    0.000000]   Normal   empty
[    0.000000]   Device   empty
[    0.000000] Movable zone start for each node
[    0.000000] Early memory node ranges
[    0.000000]   node   0: [mem 0x0000000000001000-0x000000000009efff]
[    0.000000]   node   0: [mem 0x0000000000100000-0x000000003ffeffff]
[    0.000000] Initmem setup node 0 [mem 0x0000000000001000-0x000000003ffeffff]
[    0.000000] ACPI: PM-Timer IO Port: 0x4008
[    0.000000] IOAPIC[0]: apic_id 2, version 32, address 0xfec00000, GSI 0-23
[    0.000000] ACPI: INT_SRC_OVR (bus 0 bus_irq 0 global_irq 2 dfl dfl)
[    0.000000] ACPI: INT_SRC_OVR (bus 0 bus_irq 9 global_irq 9 low level)
[    0.000000] Using ACPI (MADT) for SMP configuration information
[    0.000000] smpboot: Allowing 2 CPUs, 0 hotplug CPUs
[    0.000000] PM: Registered nosave memory: [mem 0x00000000-0x00000fff]
[    0.000000] PM: Registered nosave memory: [mem 0x0009f000-0x0009ffff]
[    0.000000] PM: Registered nosave memory: [mem 0x000a0000-0x000effff]
[    0.000000] PM: Registered nosave memory: [mem 0x000f0000-0x000fffff]
[    0.000000] e820: [mem 0x40000000-0xfebfffff] available for PCI devices
[    0.000000] Booting paravirtualized kernel on KVM
[    0.000000] clocksource: refined-jiffies: mask: 0xffffffff max_cycles: 0xffffffff, max_idle_ns: 7645519600211568 ns
[    0.000000] setup_percpu: NR_CPUS:512 nr_cpumask_bits:512 nr_cpu_ids:2 nr_node_ids:1
[    0.000000] PERCPU: Embedded 33 pages/cpu @ffff88003fc00000 s95192 r8192 d31784 u1048576
[    0.000000] Built 1 zonelists in Node order, mobility grouping on.  Total pages: 257912
[    0.000000] Policy zone: DMA32
[    0.000000] Kernel command line: BOOT_IMAGE=/boot/vmlinuz-4.4.0-210-generic root=LABEL=cloudimg-rootfs ro console=tty1 console=ttyS0
[    0.000000] PID hash table entries: 4096 (order: 3, 32768 bytes)
[    0.000000] Memory: 997792K/1048120K available (8644K kernel code, 1332K rwdata, 4044K rodata, 1492K init, 1164K bss, 50328K reserved, 0K cma-reserved)
[    0.000000] SLUB: HWalign=64, Order=0-3, MinObjects=0, CPUs=2, Nodes=1
[    0.000000] Hierarchical RCU implementation.
[    0.000000] 	Build-time adjustment of leaf fanout to 64.
[    0.000000] 	RCU restricting CPUs from NR_CPUS=512 to nr_cpu_ids=2.
[    0.000000] RCU: Adjusting geometry for rcu_fanout_leaf=64, nr_cpu_ids=2
[    0.000000] NR_IRQS:33024 nr_irqs:440 16
[    0.000000] Console: colour VGA+ 80x25
[    0.000000] console [tty1] enabled
[    0.000000] console [ttyS0] enabled
[    0.000000] tsc: Detected 2096.064 MHz processor
[    0.211663] Calibrating delay loop (skipped) preset value.. 4192.12 BogoMIPS (lpj=8384256)
[    0.213834] pid_max: default: 32768 minimum: 301
[    0.214998] ACPI: Core revision 20150930
[    0.217750] ACPI: 2 ACPI AML tables successfully acquired and loaded
[    0.219503] Security Framework initialized
[    0.220597] Yama: becoming mindful.
[    0.221577] AppArmor: AppArmor initialized
[    0.222724] Dentry cache hash table entries: 131072 (order: 8, 1048576 bytes)
[    0.224564] Inode-cache hash table entries: 65536 (order: 7, 524288 bytes)
[    0.228609] Mount-cache hash table entries: 2048 (order: 2, 16384 bytes)
[    0.230186] Mountpoint-cache hash table entries: 2048 (order: 2, 16384 bytes)
[    0.232062] Initializing cgroup subsys io
[    0.233282] Initializing cgroup subsys memory
[    0.234617] Initializing cgroup subsys devices
[    0.235720] Initializing cgroup subsys freezer
[    0.236852] Initializing cgroup subsys net_cls
[    0.237960] Initializing cgroup subsys perf_event
[    0.239136] Initializing cgroup subsys net_prio
[    0.240292] Initializing cgroup subsys hugetlb
[    0.241464] Initializing cgroup subsys pids
[    0.250218] mce: CPU supports 0 MCE banks
[    0.251416] Last level iTLB entries: 4KB 1024, 2MB 1024, 4MB 512
[    0.252753] Last level dTLB entries: 4KB 2048, 2MB 2048, 4MB 1024, 1GB 0
[    0.254304] Spectre V1 : Mitigation: usercopy/swapgs barriers and __user pointer sanitization
[    0.256318] Spectre V2 : Spectre mitigation: LFENCE not serializing, switching to generic retpoline
[    0.258798] Spectre V2 : Mitigation: Full generic retpoline
[    0.260070] Spectre V2 : Spectre v2 / SpectreRSB mitigation: Filling RSB on context switch
[    0.265140] Freeing SMP alternatives memory: 36K
[    0.273331] ftrace: allocating 32380 entries in 127 pages
[    0.350999] smpboot: APIC(0) Converting physical 0 to logical package 0
[    0.352791] smpboot: Max logical packages: 1
[    0.354249] x2apic enabled
[    0.355431] Switched APIC routing to physical x2apic.
[    0.358135] ..TIMER: vector=0x30 apic1=0 pin1=2 apic2=-1 pin2=-1
[    0.467750] smpboot: CPU0: AMD Ryzen 5 5500U with Radeon Graphics (family: 0x17, model: 0x68, stepping: 0x1)
[    0.470970] Performance Events: Broken PMU hardware detected, using software events only.
[    0.473205] Failed to access perfctr msr (MSR c0010007 is 0)
[    0.482826] KVM setup paravirtual spinlock
[    0.485104] x86: Booting SMP configuration:
[    0.486529] .... node  #0, CPUs:      #1
[    0.487802] kvm-clock: cpu 1, msr 0:3ffe3041, secondary cpu clock
[    0.497816] mce: CPU supports 0 MCE banks
[    0.504739] x86: Booted up 1 node, 2 CPUs
[    0.506624] smpboot: Total of 2 processors activated (8384.25 BogoMIPS)
[    0.509973] devtmpfs: initialized
[    0.514050] evm: security.selinux
[    0.515954] evm: security.SMACK64
[    0.517160] evm: security.SMACK64EXEC
[    0.518453] evm: security.SMACK64TRANSMUTE
[    0.519929] evm: security.SMACK64MMAP
[    0.521255] evm: security.ima
[    0.522367] evm: security.capability
[    0.527148] clocksource: jiffies: mask: 0xffffffff max_cycles: 0xffffffff, max_idle_ns: 7645041785100000 ns
[    0.532253] futex hash table entries: 512 (order: 3, 32768 bytes)
[    0.534784] pinctrl core: initialized pinctrl subsystem
[    0.536472] RTC time: 23:23:08, date: 09/12/23
[    0.538300] NET: Registered protocol family 16
[    0.552058] cpuidle: using governor ladder
[    0.564151] cpuidle: using governor menu
[    0.565761] PCCT header not found.
[    0.567196] ACPI: bus type PCI registered
[    0.568306] acpiphp: ACPI Hot Plug PCI Controller Driver version: 0.5
[    0.569995] PCI: Using configuration type 1 for base access
[    0.571390] PCI: Using configuration type 1 for extended access
[    0.585063] ACPI: Added _OSI(Module Device)
[    0.586221] ACPI: Added _OSI(Processor Device)
[    0.587331] ACPI: Added _OSI(3.0 _SCP Extensions)
[    0.588623] ACPI: Added _OSI(Processor Aggregator Device)
[    0.590613] ACPI: Executed 1 blocks of module-level executable AML code
[    0.594407] ACPI: Interpreter enabled
[    0.595483] ACPI: (supports S0 S5)
[    0.596867] ACPI: Using IOAPIC for interrupt routing
[    0.598820] PCI: Using host bridge windows from ACPI; if necessary, use "pci=nocrs" and report a bug
[    0.607403] ACPI: PCI Root Bridge [PCI0] (domain 0000 [bus 00-ff])
[    0.609248] acpi PNP0A03:00: _OSC: OS supports [ExtendedConfig ASPM ClockPM Segments MSI]
[    0.612167] acpi PNP0A03:00: _OSC: platform does not support [PCIeCapability]
[    0.614877] acpi PNP0A03:00: _OSC: not requesting control; platform does not support [PCIeCapability]
[    0.617242] acpi PNP0A03:00: _OSC: OS requested [PCIeHotplug PME AER PCIeCapability]
[    0.619292] acpi PNP0A03:00: _OSC: platform willing to grant [PCIeHotplug PME AER]
[    0.621279] acpi PNP0A03:00: _OSC failed (AE_SUPPORT); disabling ASPM
[    0.623320] PCI host bridge to bus 0000:00
[    0.624449] pci_bus 0000:00: root bus resource [io  0x0000-0x0cf7 window]
[    0.626041] pci_bus 0000:00: root bus resource [io  0x0d00-0xffff window]
[    0.627645] pci_bus 0000:00: root bus resource [mem 0x000a0000-0x000bffff window]
[    0.641978] pci_bus 0000:00: root bus resource [mem 0x40000000-0xfdffffff window]
[    0.643952] pci_bus 0000:00: root bus resource [bus 00-ff]
[    0.648004] pci 0000:00:01.1: legacy IDE quirk: reg 0x10: [io  0x01f0-0x01f7]
[    0.649866] pci 0000:00:01.1: legacy IDE quirk: reg 0x14: [io  0x03f6]
[    0.651394] pci 0000:00:01.1: legacy IDE quirk: reg 0x18: [io  0x0170-0x0177]
[    0.653097] pci 0000:00:01.1: legacy IDE quirk: reg 0x1c: [io  0x0376]
[    0.675501] pci 0000:00:07.0: quirk: [io  0x4000-0x403f] claimed by PIIX4 ACPI
[    0.677404] pci 0000:00:07.0: quirk: [io  0x4100-0x410f] claimed by PIIX4 SMB
[    0.693814] ACPI: PCI Interrupt Link [LNKA] (IRQs 5 9 10 *11)
[    0.696161] ACPI: PCI Interrupt Link [LNKB] (IRQs 5 9 *10 11)
[    0.698461] ACPI: PCI Interrupt Link [LNKC] (IRQs 5 *9 10 11)
[    0.700434] ACPI: PCI Interrupt Link [LNKD] (IRQs 5 9 10 *11)
[    0.702469] ACPI: Enabled 2 GPEs in block 00 to 07
[    0.704211] vgaarb: setting as boot device: PCI:0000:00:02.0
[    0.705665] vgaarb: device added: PCI:0000:00:02.0,decodes=io+mem,owns=io+mem,locks=none
[    0.707829] vgaarb: loaded
[    0.708688] vgaarb: bridge control possible 0000:00:02.0
[    0.710357] SCSI subsystem initialized
[    0.711826] ACPI: bus type USB registered
[    0.713449] usbcore: registered new interface driver usbfs
[    0.714888] usbcore: registered new interface driver hub
[    0.716534] usbcore: registered new device driver usb
[    0.718237] PCI: Using ACPI for IRQ routing
[    0.719780] NetLabel: Initializing
[    0.720777] NetLabel:  domain hash size = 128
[    0.721949] NetLabel:  protocols = UNLABELED CIPSOv4
[    0.723128] NetLabel:  unlabeled traffic allowed by default
[    0.724626] amd_nb: Cannot enumerate AMD northbridges
[    0.725969] clocksource: Switched to clocksource kvm-clock
[    0.738680] AppArmor: AppArmor Filesystem Enabled
[    0.739981] pnp: PnP ACPI init
[    0.741835] pnp: PnP ACPI: found 3 devices
[    0.754236] clocksource: acpi_pm: mask: 0xffffff max_cycles: 0xffffff, max_idle_ns: 2085701024 ns
[    0.756678] NET: Registered protocol family 2
[    0.758062] TCP established hash table entries: 8192 (order: 4, 65536 bytes)
[    0.759608] TCP bind hash table entries: 8192 (order: 5, 131072 bytes)
[    0.761176] TCP: Hash tables configured (established 8192 bind 8192)
[    0.765846] UDP hash table entries: 512 (order: 2, 16384 bytes)
[    0.767369] UDP-Lite hash table entries: 512 (order: 2, 16384 bytes)
[    0.768986] NET: Registered protocol family 1
[    0.770148] pci 0000:00:00.0: Limiting direct PCI/PCI transfers
[    0.771748] pci 0000:00:01.0: Activating ISA DMA hang workarounds
[    0.773439] Unpacking initramfs...
[    1.101119] Freeing initrd memory: 14888K
[    1.102527] clocksource: tsc: mask: 0xffffffffffffffff max_cycles: 0x1e36aa4f9f7, max_idle_ns: 440795294663 ns
[    1.105540] platform rtc_cmos: registered platform RTC device (no PNP device found)
[    1.107785] Scanning for low memory corruption every 60 seconds
[    1.109992] audit: initializing netlink subsys (disabled)
[    1.111514] audit: type=2000 audit(1694560994.091:1): initialized
[    1.113409] Initialise system trusted keyring
[    1.114929] HugeTLB registered 2 MB page size, pre-allocated 0 pages
[    1.117923] zbud: loaded
[    1.119405] VFS: Disk quotas dquot_6.6.0
[    1.120596] VFS: Dquot-cache hash table entries: 512 (order 0, 4096 bytes)
[    1.123301] squashfs: version 4.0 (2009/01/31) Phillip Lougher
[    1.127787] fuse init (API version 7.23)
[    1.130245] Key type big_key registered
[    1.131728] Allocating IMA MOK and blacklist keyrings.
[    1.134654] Key type asymmetric registered
[    1.135860] Asymmetric key parser 'x509' registered
[    1.137077] Block layer SCSI generic (bsg) driver version 0.4 loaded (major 249)
[    1.139347] io scheduler noop registered
[    1.140496] io scheduler deadline registered (default)
[    1.142022] io scheduler cfq registered
[    1.143541] pci_hotplug: PCI Hot Plug PCI Core version: 0.5
[    1.145751] pciehp: PCI Express Hot Plug Controller Driver version: 0.4
[    1.148168] ACPI: AC Adapter [AC] (off-line)
[    1.149511] input: Power Button as /devices/LNXSYSTM:00/LNXPWRBN:00/input/input0
[    1.151727] ACPI: Power Button [PWRF]
[    1.152915] input: Sleep Button as /devices/LNXSYSTM:00/LNXSLPBN:00/input/input1
[    1.155082] ACPI: Sleep Button [SLPF]
[    1.156941] GHES: HEST is not enabled!
[    1.157630] ACPI: Battery Slot [BAT0] (battery present)
[    1.160565] Serial: 8250/16550 driver, 32 ports, IRQ sharing enabled
[    1.183187] 00:02: ttyS0 at I/O 0x3f8 (irq = 4, base_baud = 115200) is a 16550A
[    1.188673] Linux agpgart interface v0.103
[    1.191985] loop: module loaded
[    1.193981] scsi host0: ata_piix
[    1.195359] scsi host1: ata_piix
[    1.196732] ata1: PATA max UDMA/33 cmd 0x1f0 ctl 0x3f6 bmdma 0xd000 irq 14
[    1.198369] ata2: PATA max UDMA/33 cmd 0x170 ctl 0x376 bmdma 0xd008 irq 15
[    1.200360] libphy: Fixed MDIO Bus: probed
[    1.201622] tun: Universal TUN/TAP device driver, 1.6
[    1.203065] tun: (C) 1999-2004 Max Krasnyansky <maxk@qualcomm.com>
[    1.205332] PPP generic driver version 2.4.2
[    1.206706] ehci_hcd: USB 2.0 'Enhanced' Host Controller (EHCI) Driver
[    1.208639] ehci-pci: EHCI PCI platform driver
[    1.209945] ehci-platform: EHCI generic platform driver
[    1.211444] ohci_hcd: USB 1.1 'Open' Host Controller (OHCI) Driver
[    1.213444] ohci-pci: OHCI PCI platform driver
[    1.214635] ohci-platform: OHCI generic platform driver
[    1.216188] uhci_hcd: USB Universal Host Controller Interface driver
[    1.217839] i8042: PNP: PS/2 Controller [PNP0303:PS2K,PNP0f03:PS2M] at 0x60,0x64 irq 1,12
[    1.220604] serio: i8042 KBD port at 0x60,0x64 irq 1
[    1.221893] serio: i8042 AUX port at 0x60,0x64 irq 12
[    1.223554] mousedev: PS/2 mouse device common for all mice
[    1.225534] input: AT Translated Set 2 keyboard as /devices/platform/i8042/serio0/input/input2
[    1.229226] rtc_cmos rtc_cmos: rtc core: registered rtc_cmos as rtc0
[    1.231640] rtc_cmos rtc_cmos: alarms up to one day, 114 bytes nvram
[    1.233386] i2c /dev entries driver
[    1.234499] device-mapper: uevent: version 1.0.3
[    1.235982] device-mapper: ioctl: 4.34.0-ioctl (2015-10-28) initialised: dm-devel@redhat.com
[    1.238476] ledtrig-cpu: registered to indicate activity on CPUs
[    1.240633] NET: Registered protocol family 10
[    1.242332] NET: Registered protocol family 17
[    1.243905] Key type dns_resolver registered
[    1.245782] registered taskstats version 1
[    1.247771] Loading compiled-in X.509 certificates
[    1.249915] Loaded X.509 cert 'Build time autogenerated kernel key: cf00e047681d67edb2720680708b7d9498083038'
[    1.253212] zswap: loaded using pool lzo/zbud
[    1.257741] Key type trusted registered
[    1.264861] Key type encrypted registered
[    1.266216] AppArmor: AppArmor sha1 policy hashing enabled
[    1.267875] ima: No TPM chip found, activating TPM-bypass!
[    1.269290] ima: Allocated hash algorithm: sha1
[    1.270550] evm: HMAC attrs: 0x1
[    1.271999]   Magic number: 7:185:403
[    1.273116] power_supply BAT0: hash matches
[    1.274641] rtc_cmos rtc_cmos: setting system clock to 2023-09-12 23:23:09 UTC (1694560989)
[    1.277348] BIOS EDD facility v0.16 2004-Jun-25, 0 devices found
[    1.279196] EDD information not available.
[    1.380709] Freeing unused kernel memory: 1492K
[    1.382048] Write protecting the kernel read-only data: 14336k
[    1.384104] Freeing unused kernel memory: 1584K
[    1.385521] Freeing unused kernel memory: 52K
Loading, please wait...
starting version 229
[    1.402206] random: systemd-udevd: uninitialized urandom read (16 bytes read, 3 bits of entropy available)
[    1.403021] random: udevadm: uninitialized urandom read (16 bytes read, 3 bits of entropy available)
[    1.403048] random: udevadm: uninitialized urandom read (16 bytes read, 3 bits of entropy available)
[    1.410758] random: systemd-udevd: uninitialized urandom read (16 bytes read, 3 bits of entropy available)
[    1.413413] random: systemd-udevd: uninitialized urandom read (16 bytes read, 3 bits of entropy available)
[    1.414319] random: udevadm: uninitialized urandom read (16 bytes read, 3 bits of entropy available)
[    1.414383] random: udevadm: uninitialized urandom read (16 bytes read, 3 bits of entropy available)
[    1.414584] random: udevadm: uninitialized urandom read (16 bytes read, 3 bits of entropy available)
[    1.414657] random: udevadm: uninitialized urandom read (16 bytes read, 3 bits of entropy available)
[    1.414731] random: udevadm: uninitialized urandom read (16 bytes read, 3 bits of entropy available)
[    1.467598] e1000: Intel(R) PRO/1000 Network Driver - version 7.3.21-k8-NAPI
[    1.469465] e1000: Copyright (c) 1999-2006 Intel Corporation.
[    1.473719] Fusion MPT base driver 3.04.20
[    1.474960] Copyright (c) 1999-2008 LSI Corporation
[    1.487978] Fusion MPT SPI Host driver 3.04.20
[    1.497833] AVX2 version of gcm_enc/dec engaged.
[    1.499144] AES CTR mode by8 optimization enabled
[    1.684892] input: ImExPS/2 Generic Explorer Mouse as /devices/platform/i8042/serio1/input/input4
[    1.859763] e1000 0000:00:03.0 eth0: (PCI:33MHz:32-bit) 02:be:82:6b:cc:1d
[    1.861391] e1000 0000:00:03.0 eth0: Intel(R) PRO/1000 Network Connection
[    2.244648] e1000 0000:00:08.0 eth1: (PCI:33MHz:32-bit) 08:00:27:f9:84:6b
[    2.246351] e1000 0000:00:08.0 eth1: Intel(R) PRO/1000 Network Connection
[    2.249038] mptbase: ioc0: Initiating bringup
[    2.251117] e1000 0000:00:03.0 enp0s3: renamed from eth0
[    2.266490] e1000 0000:00:08.0 enp0s8: renamed from eth1
[    2.538517] ioc0: LSI53C1030 A0: Capabilities={Initiator}
[    2.700304] scsi host2: ioc0: LSI53C1030 A0, FwRev=00000000h, Ports=1, MaxQ=256, IRQ=20
[    3.650753] scsi 2:0:0:0: Direct-Access     VBOX     HARDDISK         1.0  PQ: 0 ANSI: 5
[    3.653306] scsi target2:0:0: Beginning Domain Validation
[    3.655904] scsi target2:0:0: Domain Validation skipping write tests
[    3.657430] scsi target2:0:0: Ending Domain Validation
[    3.658827] scsi target2:0:0: asynchronous
[    3.660878] scsi 2:0:1:0: Direct-Access     VBOX     HARDDISK         1.0  PQ: 0 ANSI: 5
[    3.663320] scsi target2:0:1: Beginning Domain Validation
[    3.667003] scsi target2:0:1: Domain Validation skipping write tests
[    3.668514] scsi target2:0:1: Ending Domain Validation
[    3.669934] scsi target2:0:1: asynchronous
[    3.678793] sd 2:0:0:0: Attached scsi generic sg0 type 0
[    3.680179] sd 2:0:0:0: [sda] 83886080 512-byte logical blocks: (42.9 GB/40.0 GiB)
[    3.680311] sd 2:0:1:0: Attached scsi generic sg1 type 0
[    3.680495] sd 2:0:1:0: [sdb] 20480 512-byte logical blocks: (10.5 MB/10.0 MiB)
[    3.680697] sd 2:0:1:0: [sdb] Write Protect is off
[    3.680835] sd 2:0:1:0: [sdb] Incomplete mode parameter data
[    3.680837] sd 2:0:1:0: [sdb] Assuming drive cache: write through
[    3.689479] sd 2:0:1:0: [sdb] Attached SCSI disk
[    3.691530] sd 2:0:0:0: [sda] Write Protect is off
[    3.693056] sd 2:0:0:0: [sda] Incomplete mode parameter data
[    3.694528] sd 2:0:0:0: [sda] Assuming drive cache: write through
[    3.697504]  sda: sda1
[    3.699078] sd 2:0:0:0: [sda] Attached SCSI disk
Begin: Loading essential drivers ... [    5.168576] md: linear personality registered for level -1
[    5.172463] md: multipath personality registered for level -4
[    5.176697] md: raid0 personality registered for level 0
[    5.182466] md: raid1 personality registered for level 1
[    5.254071] raid6: sse2x1   gen()  4882 MB/s
[    5.322079] raid6: sse2x1   xor()  4870 MB/s
[    5.390135] raid6: sse2x2   gen()  9953 MB/s
[    5.458028] raid6: sse2x2   xor()  5540 MB/s
[    5.526390] raid6: sse2x4   gen() 10541 MB/s
[    5.594185] raid6: sse2x4   xor()  6205 MB/s
[    5.662330] raid6: avx2x1   gen() 11762 MB/s
[    5.730220] raid6: avx2x2   gen() 14442 MB/s
[    5.798325] raid6: avx2x4   gen() 20128 MB/s
[    5.799516] raid6: using algorithm avx2x4 gen() 20128 MB/s
[    5.800862] raid6: using avx2x2 recovery algorithm
[    5.803271] xor: automatically using best checksumming function:
[    5.842151]    avx       :  9810.000 MB/sec
[    5.844681] async_tx: api initialized (async)
[    5.856139] md: raid6 personality registered for level 6
[    5.857542] md: raid5 personality registered for level 5
[    5.858913] md: raid4 personality registered for level 4
[    5.866952] md: raid10 personality registered for level 10
done.
Begin: Running /scripts/init-premount ... done.
Begin: Mounting root file system ... Begin: Running /scripts/local-top ... done.
Begin: Running /scripts/local-premount ... [    5.904826] Btrfs loaded
Scanning for Btrfs filesystems
done.
Warning: fsck not present, so skipping root file system
[    5.946909] EXT4-fs (sda1): mounted filesystem with ordered data mode. Opts: (null)
done.
Begin: Running /scripts/local-bottom ... done.
Begin: Running /scripts/init-bottom ... done.
[    6.061163] systemd[1]: systemd 229 running in system mode. (+PAM +AUDIT +SELINUX +IMA +APPARMOR +SMACK +SYSVINIT +UTMP +LIBCRYPTSETUP +GCRYPT +GNUTLS +ACL +XZ -LZ4 +SECCOMP +BLKID +ELFUTILS +KMOD -IDN)
[    6.065668] systemd[1]: Detected virtualization oracle.
[    6.067041] systemd[1]: Detected architecture x86-64.

Welcome to [1mUbuntu 16.04.7 LTS[0m!

[    6.071327] systemd[1]: Set hostname to <ubuntu>.
[    6.074931] systemd[1]: Initializing machine ID from random generator.
[    6.076472] systemd[1]: Installed transient /etc/machine-id file.
[    6.234612] systemd[1]: Reached target User and Group Name Lookups.
[[0;32m  OK  [0m] Reached target User and Group Name Lookups.
[    6.237339] systemd[1]: Listening on Syslog Socket.
[[0;32m  OK  [0m] Listening on Syslog Socket.
[    6.246858] systemd[1]: Started Trigger resolvconf update for networkd DNS.
[[0;32m  OK  [0m] Started Trigger resolvconf update for networkd DNS.
[    6.251206] systemd[1]: Created slice User and Session Slice.
[[0;32m  OK  [0m] Created slice User and Session Slice.
[    6.258765] systemd[1]: Started Forward Password Requests to Wall Directory Watch.
[[0;32m  OK  [0m] Started Forward Password Requests to Wall Directory Watch.
[    6.263598] systemd[1]: Listening on Journal Socket (/dev/log).
[[0;32m  OK  [0m] Listening on Journal Socket (/dev/log).
[    6.270338] systemd[1]: Reached target Swap.
[[0;32m  OK  [0m] Reached target Swap.
[    6.278414] systemd[1]: Listening on Journal Audit Socket.
[[0;32m  OK  [0m] Listening on Journal Audit Socket.
[    6.280819] systemd[1]: Set up automount Arbitrary Executable File Formats File System Automount Point.
[[0;32m  OK  [0m] Set up automount Arbitrary Executab...ats File System Automount Point.
[    6.283969] systemd[1]: Listening on Journal Socket.
[[0;32m  OK  [0m] Listening on Journal Socket.
[    6.285866] systemd[1]: Listening on /dev/initctl Compatibility Named Pipe.
[[0;32m  OK  [0m] Listening on /dev/initctl Compatibility Named Pipe.
[    6.288409] systemd[1]: Listening on udev Kernel Socket.
[[0;32m  OK  [0m] Listening on udev Kernel Socket.
[    6.290512] systemd[1]: Listening on Device-mapper event daemon FIFOs.
[[0;32m  OK  [0m] Listening on Device-mapper event daemon FIFOs.
[    6.292931] systemd[1]: Listening on fsck to fsckd communication Socket.
[[0;32m  OK  [0m] Listening on fsck to fsckd communication Socket.
[    6.295471] systemd[1]: Reached target System Time Synchronized.
[[0;32m  OK  [0m] Reached target System Time Synchronized.
[    6.297729] systemd[1]: Listening on udev Control Socket.
[[0;32m  OK  [0m] Listening on udev Control Socket.
[    6.300079] systemd[1]: Listening on LVM2 poll daemon socket.
[[0;32m  OK  [0m] Listening on LVM2 poll daemon socket.
[    6.302267] systemd[1]: Reached target Encrypted Volumes.
[[0;32m  OK  [0m] Reached target Encrypted Volumes.
[    6.304354] systemd[1]: Listening on LVM2 metadata daemon socket.
[[0;32m  OK  [0m] Listening on LVM2 metadata daemon socket.
[    6.306912] systemd[1]: Created slice System Slice.
[[0;32m  OK  [0m] Created slice System Slice.
[    6.318275] systemd[1]: Starting Journal Service...
         Starting Journal Service...
[    6.329864] systemd[1]: Starting Create list of required static device nodes for the current kernel...
         Starting Create list of required st... nodes for the current kernel...
[    6.339239] systemd[1]: Mounting POSIX Message Queue File System...
         Mounting POSIX Message Queue File System...
[    6.341429] systemd[1]: Reached target Slices.
[[0;32m  OK  [0m] Reached target Slices.
[    6.351439] systemd[1]: Starting Monitoring of LVM2 mirrors, snapshots etc. using dmeventd or progress polling...
         Starting Monitoring of LVM2 mirrors... dmeventd or progress polling...
[    6.356192] systemd[1]: Mounting Huge Pages File System...
         Mounting Huge Pages File System...
[    6.363185] systemd[1]: Starting Set console keymap...
         Starting Set console keymap...
[    6.366935] systemd[1]: Created slice system-serial\x2dgetty.slice.
[[0;32m  OK  [0m] Created slice system-serial\x2dgetty.slice.
[    6.370759] systemd[1]: Starting Nameserver information manager...
         Starting Nameserver information manager...
[    6.376773] systemd[1]: Starting Load Kernel Modules...
         Starting Load Kernel Modules...
[    6.381700] systemd[1]: Mounting Debug File System...
         Mounting Debug File System...
[    6.391396] systemd[1]: Starting Uncomplicated firewall...
         Starting Uncomplicated firewall...
[    6.394920] systemd[1]: Starting File System Check on Root Device...
         Starting File System Check on Root Device...
[    6.400802] Loading iSCSI transport class v2.0-870.
[    6.404671] systemd[1]: Mounted Huge Pages File System.
[[0;32m  OK  [0m] Mounted Huge Pages File System.
[    6.407591] systemd[1]: Mounted POSIX Message Queue File System.
[[0;32m  OK  [0m] Mounted POSIX Message Queue File System.
[    6.410274] systemd[1]: Mounted Debug File System.
[[0;32m  OK  [0m] Mounted Debug File System.
[    6.414518] systemd[1]: Started Journal Service.
[[0;32m  OK  [0m] Started Journal Service.
[[0;32m  OK  [0m] Started Create list of required sta...ce nodes for the current kernel.
[[0;32m  OK  [0m] Started Uncomplicated firewall.
[[0;32m  OK  [0m] Started LVM2 metadata daemon.
         Starting Create Static Device Nodes in /dev...
[[0;32m  OK  [0m] Started Nameserver information manager.
[[0;32m  OK  [0m] Started File System Check Daemon to report status.
[    6.466869] iscsi: registered transport (tcp)
[[0;32m  OK  [0m] Started Create Static Device Nodes in /dev.
         Starting udev Kernel Device Manager...
[[0;32m  OK  [0m] Started File System Check on Root Device.
         Starting Remount Root and Kernel File Systems...
[[0;32m  OK  [0m] Started Set console keymap.
[    6.515049] EXT4-fs (sda1): re-mounted. Opts: (null)
[[0;32m  OK  [0m] Started Remount Root and Kernel File Systems.
         Starting Load/Save Random Seed...
         Starting Flush Journal to Persistent Storage...
         Starting udev Coldplug all Devices...
[[0;32m  OK  [0m] Started Load/Save Random Seed.
[    6.542323] systemd-journald[363]: Received request to flush runtime journal from PID 1
[[0;32m  OK  [0m] Started Flush Journal to Persistent Storage.
[[0;32m  OK  [0m] Started udev Kernel Device Manager.
[    6.571041] iscsi: registered transport (iser)
[[0;32m  OK  [0m] Started Load Kernel Modules.
         Mounting FUSE Control File System...
         Starting Apply Kernel Variables...
[[0;32m  OK  [0m] Mounted FUSE Control File System.
[[0;32m  OK  [0m] Started Apply Kernel Variables.
[[0;32m  OK  [0m] Started udev Coldplug all Devices.
[[0;32m  OK  [0m] Started Dispatch Password Requests to Console Directory Watch.
[[0;32m  OK  [0m] Started Monitoring of LVM2 mirrors,...ng dmeventd or progress polling.
[[0;32m  OK  [0m] Reached target Local File Systems (Pre).
[[0;32m  OK  [0m] Reached target Local File Systems.
         Starting Commit a transient machine-id on disk...
         Starting Set console font and keymap...
         Starting Initial cloud-init job (pre-networking)...
         Starting Create Volatile Files and Directories...
         Starting LSB: AppArmor initialization...
         Starting Tell Plymouth To Write Out Runtime Data...
[[0;32m  OK  [0m] Started Create Volatile Files and Directories.
         Starting Update UTMP about System Boot/Shutdown...
[[0;32m  OK  [0m] Started Commit a transient machine-id on disk.
[[0;32m  OK  [0m] Started Update UTMP about System Boot/Shutdown.
[[0;32m  OK  [0m] Started Tell Plymouth To Write Out Runtime Data.
[[0;32m  OK  [0m] Found device /dev/ttyS0.
[[0;32m  OK  [0m] Listening on Load/Save RF Kill Switch Status /dev/rfkill Watch.
[[0;32m  OK  [0m] Started Set console font and keymap.
[[0;32m  OK  [0m] Created slice system-getty.slice.
[    8.350482] cloud-init[490]: Cloud-init v. 21.1-19-gbad84ad4-0ubuntu1~16.04.2 running 'init-local' at Tue, 12 Sep 2023 23:23:16 +0000. Up 7.74 seconds.
[[0;32m  OK  [0m] Started Initial cloud-init job (pre-networking).
[[0;32m  OK  [0m] Reached target Network (Pre).
[[0;32m  OK  [0m] Started LSB: AppArmor initialization.
         Starting Load AppArmor profiles managed internally by snapd...
         Starting Raise network interfaces...
[[0;32m  OK  [0m] Started Load AppArmor profiles managed internally by snapd.
[[0;32m  OK  [0m] Started Raise network interfaces.
[[0;32m  OK  [0m] Reached target Network.
         Starting Initial cloud-init job (metadata service crawler)...
[   10.319172] cloud-init[946]: Cloud-init v. 21.1-19-gbad84ad4-0ubuntu1~16.04.2 running 'init' at Tue, 12 Sep 2023 23:23:18 +0000. Up 9.62 seconds.
[   10.321313] cloud-init[946]: ci-info: ++++++++++++++++++++++++++++++++++++++Net device info+++++++++++++++++++++++++++++++++++++++
[   10.328914] cloud-init[946]: ci-info: +--------+-------+----------------------------+---------------+--------+-------------------+
[   10.337218] cloud-init[946]: ci-info: | Device |   Up  |          Address           |      Mask     | Scope  |     Hw-Address    |
[   10.340296] cloud-init[946]: ci-info: +--------+-------+----------------------------+---------------+--------+-------------------+
[   10.348848] cloud-init[946]: ci-info: | enp0s3 |  True |         10.0.2.15          | 255.255.255.0 | global | 02:be:82:6b:cc:1d |
[   10.356725] cloud-init[946]: ci-info: | enp0s3 |  True | fe80::be:82ff:fe6b:cc1d/64 |       .       |  link  | 02:be:82:6b:cc:1d |
[   10.358495] cloud-init[946]: ci-info: | enp0s8 | False |             .              |       .       |   .    | 08:00:27:f9:84:6b |
[   10.360049] cloud-init[946]: ci-info: |   lo   |  True |         127.0.0.1          |   255.0.0.0   |  host  |         .         |
[   10.361537] cloud-init[946]: ci-info: |   lo   |  True |          ::1/128           |       .       |  host  |         .         |
[   10.362834] cloud-init[946]: ci-info: +--------+-------+----------------------------+---------------+--------+-------------------+
[   10.369034] cloud-init[946]: ci-info: +++++++++++++++++++++++++++Route IPv4 info++++++++++++++++++++++++++++
[   10.376548] cloud-init[946]: ci-info: +-------+-------------+----------+---------------+-----------+-------+
[   10.377881] cloud-init[946]: ci-info: | Route | Destination | Gateway  |    Genmask    | Interface | Flags |
[   10.379145] cloud-init[946]: ci-info: +-------+-------------+----------+---------------+-----------+-------+
[   10.380395] cloud-init[946]: ci-info: |   0   |   0.0.0.0   | 10.0.2.2 |    0.0.0.0    |   enp0s3  |   UG  |
[   10.389032] cloud-init[946]: ci-info: |   1   |   10.0.2.0  | 0.0.0.0  | 255.255.255.0 |   enp0s3  |   U   |
[   10.396747] cloud-init[946]: ci-info: +-------+-------------+----------+---------------+-----------+-------+
[   10.398303] cloud-init[946]: ci-info: +++++++++++++++++++Route IPv6 info+++++++++++++++++++
[   10.404960] cloud-init[946]: ci-info: +-------+-------------+---------+-----------+-------+
[   10.406304] cloud-init[946]: ci-info: | Route | Destination | Gateway | Interface | Flags |
[   10.407488] cloud-init[946]: ci-info: +-------+-------------+---------+-----------+-------+
[   10.408634] cloud-init[946]: ci-info: |   0   |  fe80::/64  |    ::   |   enp0s3  |   U   |
[   10.409815] cloud-init[946]: ci-info: |   3   |   ff00::/8  |    ::   |   enp0s3  |   U   |
[   10.411028] cloud-init[946]: ci-info: +-------+-------------+---------+-----------+-------+
[   10.412491] cloud-init[946]: Generating public/private rsa key pair.
[   10.413530] cloud-init[946]: Your identification has been saved in /etc/ssh/ssh_host_rsa_key.
[   10.414658] cloud-init[946]: Your public key has been saved in /etc/ssh/ssh_host_rsa_key.pub.
[   10.421032] cloud-init[946]: The key fingerprint is:
[   10.428812] cloud-init[946]: SHA256:ySLgnhAAcbOXd2MlSozGFV9qmAMo5WnV5/T97gaR7i0 root@ubuntu-xenial
[[0;32m  OK  [0m] Started Initial cloud-init job (metadata service crawler).
[   10.429156] cloud-init[946]: The key's randomart image is:
[   10.431628] cloud-init[946]: +---[RSA 2048]----+
[   10.431789] cloud-init[946]: |=o+oo=+.. o      |
[[0;32m  OK  [0m] Reached target System Initialization.
[   10.431867] cloud-init[946]: |oo.=++o=o=       |
[   10.433212] cloud-init[946]: |..*.o *+B. . .   |
[   10.433467] cloud-init[946]: | + o . *.o. +    |
[   10.433693] cloud-init[946]: |. . . . S  . o   |
[   10.433884] cloud-init[946]: | o . . .    o .  |
[   10.434106] cloud-init[946]: |  o        . +   |
[   10.434311] cloud-init[946]: |            E +  |
[   10.434534] cloud-init[946]: |             +.  |
[   10.434641] cloud-init[946]: +----[SHA256]-----+
[   10.434873] cloud-init[946]: Generating public/private dsa key pair.
[   10.435190] cloud-init[946]: Your identification has been saved in /etc/ssh/ssh_host_dsa_key.
[   10.435297] cloud-init[946]: Your public key has been saved in /etc/ssh/ssh_host_dsa_key.pub.
[   10.435542] cloud-init[946]: The key fingerprint is:
[   10.435649] cloud-init[946]: SHA256:ROUh5SJ6nztGUvIr/Ic8dSNhjksmDxG6gBhbVgp0/ew root@ubuntu-xenial
[   10.435866] cloud-init[946]: The key's randomart image is:
[   10.436297] cloud-init[946]: +---[DSA 1024]----+
[   10.436499] cloud-init[946]: |o. oo   oo+      |
[   10.436573] cloud-init[946]: |..+. ... + .     |
[   10.436772] cloud-init[946]: |.*.  .+.o o      |
[   10.436965] cloud-init[946]: |+ . ..o=..o      |
[   10.437093] cloud-init[946]: |   ...o=S+ .     |
[   10.437282] cloud-init[946]: |    ..+E*.+ o    |
[   10.437472] cloud-init[946]: |     . Xo= o .   |
[   10.437692] cloud-init[946]: |      o X..      |
[   10.437871] cloud-init[946]: |       +o+       |
[   10.438084] cloud-init[946]: +----[SHA256]-----+
[   10.438271] cloud-init[946]: Generating public/private ecdsa key pair.
[   10.438491] cloud-init[946]: Your identification has been saved in /etc/ssh/ssh_host_ecdsa_key.
[   10.438718] cloud-init[946]: Your public key has been saved in /etc/ssh/ssh_host_ecdsa_key.pub.
[   10.438886] cloud-init[946]: The key fingerprint is:
[   10.439096] cloud-init[946]: SHA256:maAz0nSKqttpkGS86hw0q+MnghMmlpowmhS/o1ouU7g root@ubuntu-xenial
[   10.439272] cloud-init[946]: The key's randomart image is:
[   10.439462] cloud-init[946]: +---[ECDSA 256]---+
[   10.439697] cloud-init[946]: |                 |
[   10.439875] cloud-init[946]: |                 |
[   10.440310] cloud-init[946]: |.   . o          |
[   10.440490] cloud-init[946]: | = + + . o       |
[   10.440609] cloud-init[946]: |o=B *   S        |
[   10.440865] cloud-init[946]: |XB+o o           |
[   10.441001] cloud-init[946]: |%@. .            |
[   10.441145] cloud-init[946]: |E=o=             |
[   10.441277] cloud-init[946]: |X%B .            |
[   10.441427] cloud-init[946]: +----[SHA256]-----+
[   10.441563] cloud-init[946]: Generating public/private ed25519 key pair.
[   10.441805] cloud-init[946]: Your identification has been saved in /etc/ssh/ssh_host_ed25519_key.
[   10.442062] cloud-init[946]: Your public key has been saved in /etc/ssh/ssh_host_ed25519_key.pub.
[   10.442319] cloud-init[946]: The key fingerprint is:
[   10.442506] cloud-init[946]: SHA256:B5Ta2L5kYGBTnJRtvh+g0kUlPJRbVnBBwv4IeGq73dk root@ubuntu-xenial
[   10.442716] cloud-init[946]: The key's randomart image is:
[   10.442909] cloud-init[946]: +--[ED25519 256]--+
[   10.443097] cloud-init[946]: |     +o*+=++=.   |
[   10.443332] cloud-init[946]: |    + +.O.+o     |
[   10.443512] cloud-init[946]: |   . o X.*       |
[   10.443726] cloud-init[946]: |      * X..      |
[   10.443918] cloud-init[946]: |     o BS+.o     |
[   10.444108] cloud-init[946]: |    . = =.o .    |
[   10.444527] cloud-init[946]: |     o + o .     |
[   10.444811] cloud-init[946]: |      .....o     |
[   10.444999] cloud-init[946]: |      ... o E    |
[   10.445239] cloud-init[946]: +----[SHA256]-----+
[[0;32m  OK  [0m] Listening on D-Bus System Message Bus Socket.
[[0;32m  OK  [0m] Started Daily apt download activities.
[[0;32m  OK  [0m] Started Daily apt upgrade and clean activities.
[[0;32m  OK  [0m] Started Ubuntu Advantage update messaging.
[[0;32m  OK  [0m] Started Daily Cleanup of Temporary Directories.
[[0;32m  OK  [0m] Listening on ACPID Listen Socket.
[[0;32m  OK  [0m] Started Message of the Day.
[[0;32m  OK  [0m] Reached target Timers.
         Starting Socket activation for snappy daemon.
[[0;32m  OK  [0m] Started ACPI Events Check.
[[0;32m  OK  [0m] Reached target Paths.
[[0;32m  OK  [0m] Listening on UUID daemon activation socket.
         Starting LXD - unix socket.
[[0;32m  OK  [0m] Reached target Cloud-config availability.
[[0;32m  OK  [0m] Reached target Network is Online.
         Starting iSCSI initiator daemon (iscsid)...
[[0;32m  OK  [0m] Listening on Socket activation for snappy daemon.
[[0;32m  OK  [0m] Listening on LXD - unix socket.
[[0;32m  OK  [0m] Reached target Sockets.
[[0;32m  OK  [0m] Reached target Basic System.
[[0;32m  OK  [0m] Started D-Bus System Message Bus.
         Starting System Logging Service...
[[0;32m  OK  [0m] Started Regular background program processing daemon.
         Starting /etc/rc.local Compatibility...
         Starting Accounts Service...
         Starting LSB: MD monitoring daemon...
         Starting Pollinate to seed the pseudo random number generator...
[[0;32m  OK  [0m] Started ACPI event daemon.
[[0;32m  OK  [0m] Started Deferred execution scheduler.
[[0;32m  OK  [0m] Started FUSE filesystem for LXC.
         Starting Login Service...
         Starting Virtualbox guest utils...
         Starting LSB: Record successful boot for GRUB...
         Starting LXD - container startup/shutdown...
         Starting Snap Daemon...
[[0;32m  OK  [0m] Started System Logging Service.
[[0;32m  OK  [0m] Started /etc/rc.local Compatibility.
[[0;32m  OK  [0m] Started iSCSI initiator daemon (iscsid).
         Starting Login to default iSCSI targets...
[[0;32m  OK  [0m] Started Login Service.
[[0;32m  OK  [0m] Started Unattended Upgrades Shutdown.
[[0;32m  OK  [0m] Started LSB: Record successful boot for GRUB.
[[0;32m  OK  [0m] Started LSB: MD monitoring daemon.
[[0;32m  OK  [0m] Started Login to default iSCSI targets.
[[0;32m  OK  [0m] Reached target Remote File Systems (Pre).
[[0;32m  OK  [0m] Reached target Remote File Systems.
         Starting LSB: automatic crash report generation...
         Starting Permit User Sessions...
         Starting LSB: daemon to balance interrupts for SMP systems...
         Starting LSB: Set the CPU Frequency Scaling governor to "ondemand"...
[[0;32m  OK  [0m] Started Permit User Sessions.
         Starting Terminate Plymouth Boot Screen...
         Starting Hold until boot process finishes up...
[[0;32m  OK  [0m] Started Virtualbox guest utils.
[[0;32m  OK  [0m] Started LSB: automatic crash report generation.
[[0;32m  OK  [0m] Started Terminate Plymouth Boot Screen.
         Starting Authenticate and Authorize Users to Run Privileged Tasks...
[[0;32m  OK  [0m] Started Hold until boot process finishes up.
[[0;32m  OK  [0m] Started LSB: Set the CPU Frequency Scaling governor to "ondemand".
[[0;32m  OK  [0m] Started Serial Getty on ttyS0.
[[0;32m  OK  [0m] Started Getty on tty1.
[[0;32m  OK  [0m] Reached target Login Prompts.
         Starting Set console scheme...
[[0;32m  OK  [0m] Started Set console scheme.
[[0;32m  OK  [0m] Started LSB: daemon to balance interrupts for SMP systems.
[[0;32m  OK  [0m] Started Authenticate and Authorize Users to Run Privileged Tasks.
[[0;32m  OK  [0m] Started Accounts Service.
[[0;32m  OK  [0m] Started LXD - container startup/shutdown.
[[0;32m  OK  [0m] Started Pollinate to seed the pseudo random number generator.
         Starting OpenBSD Secure Shell server...
[[0;32m  OK  [0m] Started Snap Daemon.
         Starting Wait until snapd is fully seeded...
[[0;32m  OK  [0m] Started Wait until snapd is fully seeded.
         Starting Apply the settings specified in cloud-config...
[[0;32m  OK  [0m] Started OpenBSD Secure Shell server.
[[0;32m  OK  [0m] Reached target Multi-User System.
[[0;32m  OK  [0m] Reached target Graphical Interface.
         Starting Update UTMP about System Runlevel Changes...
[[0;32m  OK  [0m] Started Update UTMP about System Runlevel Changes.
[   11.988511] cloud-init[1292]: Generating locales (this might take a while)...
[   13.163253] cloud-init[1292]:   en_US.UTF-8... done
[   13.164545] cloud-init[1292]: Generation complete.
[   13.565273] cloud-init[1292]: Cloud-init v. 21.1-19-gbad84ad4-0ubuntu1~16.04.2 running 'modules:config' at Tue, 12 Sep 2023 23:23:20 +0000. Up 11.79 seconds.
[[0;32m  OK  [0m] Started Apply the settings specified in cloud-config.
         Starting Execute cloud user/final scripts...
[[0;32m  OK  [0m] Created slice User Slice of vagrant.
         Starting User Manager for UID 1000...
[[0;32m  OK  [0m] Started Session 1 of user vagrant.
[[0;32m  OK  [0m] Started User Manager for UID 1000.
ci-info: no authorized SSH keys fingerprints found for user ubuntu.
<14>Sep 12 23:23:22 ec2: 
<14>Sep 12 23:23:22 ec2: #############################################################
<14>Sep 12 23:23:22 ec2: -----BEGIN SSH HOST KEY FINGERPRINTS-----
<14>Sep 12 23:23:22 ec2: 1024 SHA256:ROUh5SJ6nztGUvIr/Ic8dSNhjksmDxG6gBhbVgp0/ew root@ubuntu-xenial (DSA)
<14>Sep 12 23:23:22 ec2: 256 SHA256:maAz0nSKqttpkGS86hw0q+MnghMmlpowmhS/o1ouU7g root@ubuntu-xenial (ECDSA)
<14>Sep 12 23:23:22 ec2: 256 SHA256:B5Ta2L5kYGBTnJRtvh+g0kUlPJRbVnBBwv4IeGq73dk root@ubuntu-xenial (ED25519)
<14>Sep 12 23:23:22 ec2: 2048 SHA256:ySLgnhAAcbOXd2MlSozGFV9qmAMo5WnV5/T97gaR7i0 root@ubuntu-xenial (RSA)
<14>Sep 12 23:23:22 ec2: -----END SSH HOST KEY FINGERPRINTS-----
<14>Sep 12 23:23:22 ec2: #############################################################
-----BEGIN SSH HOST KEY KEYS-----
ecdsa-sha2-nistp256 AAAAE2VjZHNhLXNoYTItbmlzdHAyNTYAAAAIbmlzdHAyNTYAAABBBMsivHpq76fwbpWMrDysHN5FgLKPdYj+BRYxQiNBtfCFAJfJCgCRYFRlT2NQhOqy3qETwq4Z0V2X0oiDH1SDg1I= root@ubuntu-xenial
ssh-ed25519 AAAAC3NzaC1lZDI1NTE5AAAAIKGHLHEru2D+Rmp0r3Oq+/W7r0l55NRuWtOU649sCcnv root@ubuntu-xenial
ssh-rsa AAAAB3NzaC1yc2EAAAADAQABAAABAQDTFRHES//Mq17i7L7DW3usbi7UKtVRYpXxXpqQnjEiQfWwn6Ag1G7S+jOsF8KpMRASjRSwLK/SHNnh4jCnWFedn1DD+AJ08gEsQUlCfmEnIIZxZ/TjYGHT/LLg/CRgu4ixP5nu+vOB/8P2gwKnFUmJAYu8/bfd3OQWOL3cFVsluk/d7bFyMd4NakPHszME2UxCLCUn/OdDBen7/kqfWexZXoecwNoXPAkM6XLIEmfyd7AHi47A+tyVLd2Tjs4f1vyjUCokt27VngVr+m1YYhUWdCzjngMcY9KFKCLV/53pQFFu8uphwR/NYdiaTjMu92AotubdiCKePmKq1/ZQzQh3 root@ubuntu-xenial
-----END SSH HOST KEY KEYS-----
[   14.441957] cloud-init[1336]: Cloud-init v. 21.1-19-gbad84ad4-0ubuntu1~16.04.2 running 'modules:final' at Tue, 12 Sep 2023 23:23:22 +0000. Up 14.13 seconds.
[   14.445085] cloud-init[1336]: ci-info: no authorized SSH keys fingerprints found for user ubuntu.
[   14.447770] cloud-init[1336]: Cloud-init v. 21.1-19-gbad84ad4-0ubuntu1~16.04.2 finished at Tue, 12 Sep 2023 23:23:22 +0000. Datasource DataSourceNoCloud [seed=/dev/sdb][dsmode=net].  Up 14.42 seconds
[[0;32m  OK  [0m] Started Execute cloud user/final scripts.
[[0;32m  OK  [0m] Reached target Cloud-init target.

Ubuntu 16.04.7 LTS ubuntu-xenial ttyS0

ubuntu-xenial login: 