[    0.000000] Initializing cgroup subsys cpuset
[    0.000000] Initializing cgroup subsys cpu
[    0.000000] Initializing cgroup subsys cpuacct
[    0.000000] Linux version 4.4.0-210-generic (buildd@lgw01-amd64-009) (gcc version 5.4.0 20160609 (Ubuntu 5.4.0-6ubuntu1~16.04.12) ) #242-Ubuntu SMP Fri Apr 16 09:57:56 UTC 2021 (Ubuntu 4.4.0-210.242-generic 4.4.262)
[    0.000000] Command line: BOOT_IMAGE=/boot/vmlinuz-4.4.0-210-generic root=LABEL=cloudimg-rootfs ro console=tty1 console=ttyS0
[    0.000000] KERNEL supported cpus:
[    0.000000]   Intel GenuineIntel
[    0.000000]   AMD AuthenticAMD
[    0.000000]   Centaur CentaurHauls
[    0.000000] x86/fpu: Legacy x87 FPU detected.
[    0.000000] e820: BIOS-provided physical RAM map:
[    0.000000] BIOS-e820: [mem 0x0000000000000000-0x000000000009fbff] usable
[    0.000000] BIOS-e820: [mem 0x000000000009fc00-0x000000000009ffff] reserved
[    0.000000] BIOS-e820: [mem 0x00000000000f0000-0x00000000000fffff] reserved
[    0.000000] BIOS-e820: [mem 0x0000000000100000-0x000000003ffeffff] usable
[    0.000000] BIOS-e820: [mem 0x000000003fff0000-0x000000003fffffff] ACPI data
[    0.000000] BIOS-e820: [mem 0x00000000fec00000-0x00000000fec00fff] reserved
[    0.000000] BIOS-e820: [mem 0x00000000fee00000-0x00000000fee00fff] reserved
[    0.000000] BIOS-e820: [mem 0x00000000fffc0000-0x00000000ffffffff] reserved
[    0.000000] NX (Execute Disable) protection: active
[    0.000000] SMBIOS 2.5 present.
[    0.000000] Hypervisor detected: KVM
[    0.000000] e820: last_pfn = 0x3fff0 max_arch_pfn = 0x400000000
[    0.000000] MTRR: Disabled
[    0.000000] x86/PAT: MTRRs disabled, skipping PAT initialization too.
[    0.000000] CPU MTRRs all blank - virtualized system.
[    0.000000] x86/PAT: Configuration [0-7]: WB  WT  UC- UC  WB  WT  UC- UC  
[    0.000000] found SMP MP-table at [mem 0x0009fff0-0x0009ffff] mapped at [ffff88000009fff0]
[    0.000000] Scanning 1 areas for low memory corruption
[    0.000000] RAMDISK: [mem 0x362dc000-0x37165fff]
[    0.000000] ACPI: Early table checksum verification disabled
[    0.000000] ACPI: RSDP 0x00000000000E0000 000024 (v02 VBOX  )
[    0.000000] ACPI: XSDT 0x000000003FFF0030 00003C (v01 VBOX   VBOXXSDT 00000001 ASL  00000061)
[    0.000000] ACPI: FACP 0x000000003FFF00F0 0000F4 (v04 VBOX   VBOXFACP 00000001 ASL  00000061)
[    0.000000] ACPI: DSDT 0x000000003FFF0610 002353 (v02 VBOX   VBOXBIOS 00000002 INTL 20100528)
[    0.000000] ACPI: FACS 0x000000003FFF0200 000040
[    0.000000] ACPI: FACS 0x000000003FFF0200 000040
[    0.000000] ACPI: APIC 0x000000003FFF0240 00005C (v02 VBOX   VBOXAPIC 00000001 ASL  00000061)
[    0.000000] ACPI: SSDT 0x000000003FFF02A0 00036C (v01 VBOX   VBOXCPUT 00000002 INTL 20100528)
[    0.000000] No NUMA configuration found
[    0.000000] Faking a node at [mem 0x0000000000000000-0x000000003ffeffff]
[    0.000000] NODE_DATA(0) allocated [mem 0x3ffeb000-0x3ffeffff]
[    0.000000] kvm-clock: Using msrs 4b564d01 and 4b564d00
[    0.000000] kvm-clock: cpu 0, msr 0:3ffe3001, primary cpu clock
[    0.000000] kvm-clock: using sched offset of 4638531998 cycles
[    0.000000] clocksource: kvm-clock: mask: 0xffffffffffffffff max_cycles: 0x1cd42e4dffb, max_idle_ns: 881590591483 ns
[    0.000000] Zone ranges:
[    0.000000]   DMA      [mem 0x0000000000001000-0x0000000000ffffff]
[    0.000000]   DMA32    [mem 0x0000000001000000-0x000000003ffeffff]
[    0.000000]   Normal   empty
[    0.000000]   Device   empty
[    0.000000] Movable zone start for each node
[    0.000000] Early memory node ranges
[    0.000000]   node   0: [mem 0x0000000000001000-0x000000000009efff]
[    0.000000]   node   0: [mem 0x0000000000100000-0x000000003ffeffff]
[    0.000000] Initmem setup node 0 [mem 0x0000000000001000-0x000000003ffeffff]
[    0.000000] ACPI: PM-Timer IO Port: 0x4008
[    0.000000] IOAPIC[0]: apic_id 2, version 32, address 0xfec00000, GSI 0-23
[    0.000000] ACPI: INT_SRC_OVR (bus 0 bus_irq 0 global_irq 2 dfl dfl)
[    0.000000] ACPI: INT_SRC_OVR (bus 0 bus_irq 9 global_irq 9 low level)
[    0.000000] Using ACPI (MADT) for SMP configuration information
[    0.000000] smpboot: Allowing 2 CPUs, 0 hotplug CPUs
[    0.000000] PM: Registered nosave memory: [mem 0x00000000-0x00000fff]
[    0.000000] PM: Registered nosave memory: [mem 0x0009f000-0x0009ffff]
[    0.000000] PM: Registered nosave memory: [mem 0x000a0000-0x000effff]
[    0.000000] PM: Registered nosave memory: [mem 0x000f0000-0x000fffff]
[    0.000000] e820: [mem 0x40000000-0xfebfffff] available for PCI devices
[    0.000000] Booting paravirtualized kernel on KVM
[    0.000000] clocksource: refined-jiffies: mask: 0xffffffff max_cycles: 0xffffffff, max_idle_ns: 7645519600211568 ns
[    0.000000] setup_percpu: NR_CPUS:512 nr_cpumask_bits:512 nr_cpu_ids:2 nr_node_ids:1
[    0.000000] PERCPU: Embedded 33 pages/cpu @ffff88003fc00000 s95192 r8192 d31784 u1048576
[    0.000000] Built 1 zonelists in Node order, mobility grouping on.  Total pages: 257912
[    0.000000] Policy zone: DMA32
[    0.000000] Kernel command line: BOOT_IMAGE=/boot/vmlinuz-4.4.0-210-generic root=LABEL=cloudimg-rootfs ro console=tty1 console=ttyS0
[    0.000000] PID hash table entries: 4096 (order: 3, 32768 bytes)
[    0.000000] Memory: 997792K/1048120K available (8644K kernel code, 1332K rwdata, 4044K rodata, 1492K init, 1164K bss, 50328K reserved, 0K cma-reserved)
[    0.000000] SLUB: HWalign=64, Order=0-3, MinObjects=0, CPUs=2, Nodes=1
[    0.000000] Kernel/User page tables isolation: enabled
[    0.000000] Hierarchical RCU implementation.
[    0.000000] 	Build-time adjustment of leaf fanout to 64.
[    0.000000] 	RCU restricting CPUs from NR_CPUS=512 to nr_cpu_ids=2.
[    0.000000] RCU: Adjusting geometry for rcu_fanout_leaf=64, nr_cpu_ids=2
[    0.000000] NR_IRQS:33024 nr_irqs:440 16
[    0.000000] Console: colour VGA+ 80x25
[    0.000000] console [tty1] enabled
[    0.000000] console [ttyS0] enabled
[    0.000000] tsc: Detected 2400.000 MHz processor
[    1.547760] Calibrating delay loop (skipped) preset value.. 4800.00 BogoMIPS (lpj=9600000)
[    1.576199] pid_max: default: 32768 minimum: 301
[    1.594134] ACPI: Core revision 20150930
[    1.609614] ACPI: 2 ACPI AML tables successfully acquired and loaded
[    1.632135] Security Framework initialized
[    1.643327] Yama: becoming mindful.
[    1.653524] AppArmor: AppArmor initialized
[    1.663261] Dentry cache hash table entries: 131072 (order: 8, 1048576 bytes)
[    1.691921] Inode-cache hash table entries: 65536 (order: 7, 524288 bytes)
[    1.716195] Mount-cache hash table entries: 2048 (order: 2, 16384 bytes)
[    1.740850] Mountpoint-cache hash table entries: 2048 (order: 2, 16384 bytes)
[    1.774314] Initializing cgroup subsys io
[    1.784164] Initializing cgroup subsys memory
[    1.799844] Initializing cgroup subsys devices
[    1.820163] Initializing cgroup subsys freezer
[    1.834204] Initializing cgroup subsys net_cls
[    1.856841] Initializing cgroup subsys perf_event
[    1.886467] Initializing cgroup subsys net_prio
[    1.907991] Initializing cgroup subsys hugetlb
[    1.930983] Initializing cgroup subsys pids
[    1.957998] mce: CPU supports 0 MCE banks
[    1.980790] Last level iTLB entries: 4KB 64, 2MB 8, 4MB 8
[    2.011191] Last level dTLB entries: 4KB 64, 2MB 0, 4MB 0, 1GB 4
[    2.044428] Spectre V1 : Mitigation: usercopy/swapgs barriers and __user pointer sanitization
[    2.091339] Spectre V2 : Mitigation: Full generic retpoline
[    2.116361] Spectre V2 : Spectre v2 / SpectreRSB mitigation: Filling RSB on context switch
[    2.154456] Speculative Store Bypass: Vulnerable
[    2.167060] SRBDS: Unknown: Dependent on hypervisor status
[    2.192242] MDS: Mitigation: Clear CPU buffers
[    2.349585] Freeing SMP alternatives memory: 36K
[    2.649758] ftrace: allocating 32380 entries in 127 pages
[    4.432688] smpboot: APIC(0) Converting physical 0 to logical package 0
[    4.464214] smpboot: Max logical packages: 1
[    4.527172] ..TIMER: vector=0x30 apic1=0 pin1=2 apic2=-1 pin2=-1
[    4.656475] APIC calibration not consistent with PM-Timer: 102ms instead of 100ms
[    4.678597] APIC delta adjusted to PM-Timer: 6299738 (6477403)
[    4.696588] smpboot: CPU0: Intel(R) Core(TM) i5-6200U CPU @ 2.30GHz (family: 0x6, model: 0x4e, stepping: 0x3)
[    4.721271] Performance Events: unsupported p6 CPU model 78 no PMU driver, software events only.
[    5.042276] KVM setup paravirtual spinlock
[    5.058840] x86: Booting SMP configuration:
[    5.071018] .... node  #0, CPUs:      #1
[    5.086891] kvm-clock: cpu 1, msr 0:3ffe3041, secondary cpu clock
[    5.104908] mce: CPU supports 0 MCE banks
[    5.116219] TSC synchronization [CPU#0 -> CPU#1]:
[    5.129662] Measured 116646 cycles TSC warp between CPUs, turning off TSC clock.
[    5.147769] tsc: Marking TSC unstable due to check_tsc_sync_source failed
[    1.180083] x86: Booted up 1 node, 2 CPUs
[    1.184009] smpboot: Total of 2 processors activated (9600.00 BogoMIPS)
[    1.201948] devtmpfs: initialized
[    1.213107] evm: security.selinux
[    1.216008] evm: security.SMACK64
[    1.220027] evm: security.SMACK64EXEC
[    1.224008] evm: security.SMACK64TRANSMUTE
[    1.228007] evm: security.SMACK64MMAP
[    1.232007] evm: security.ima
[    1.236008] evm: security.capability
[    1.240686] clocksource: jiffies: mask: 0xffffffff max_cycles: 0xffffffff, max_idle_ns: 7645041785100000 ns
[    1.244027] futex hash table entries: 512 (order: 3, 32768 bytes)
[    1.252281] pinctrl core: initialized pinctrl subsystem
[    1.260620] RTC time:  0:20:04, date: 08/12/23
[    1.268281] NET: Registered protocol family 16
[    1.284028] cpuidle: using governor ladder
[    1.300032] cpuidle: using governor menu
[    1.304020] PCCT header not found.
[    1.308276] ACPI: bus type PCI registered
[    1.312011] acpiphp: ACPI Hot Plug PCI Controller Driver version: 0.5
[    1.317519] PCI: Using configuration type 1 for base access
[    1.352680] ACPI: Added _OSI(Module Device)
[    1.356010] ACPI: Added _OSI(Processor Device)
[    1.360011] ACPI: Added _OSI(3.0 _SCP Extensions)
[    1.368016] ACPI: Added _OSI(Processor Aggregator Device)
[    1.377481] ACPI: Executed 1 blocks of module-level executable AML code
[    1.396095] ACPI: Interpreter enabled
[    1.400031] ACPI: (supports S0 S5)
[    1.404011] ACPI: Using IOAPIC for interrupt routing
[    1.409010] PCI: Using host bridge windows from ACPI; if necessary, use "pci=nocrs" and report a bug
[    1.437826] ACPI: PCI Root Bridge [PCI0] (domain 0000 [bus 00-ff])
[    1.440016] acpi PNP0A03:00: _OSC: OS supports [ASPM ClockPM Segments MSI]
[    1.449704] acpi PNP0A03:00: _OSC: not requesting OS control; OS requires [ExtendedConfig ASPM ClockPM MSI]
[    1.452028] acpi PNP0A03:00: fail to add MMCONFIG information, can't access extended PCI configuration space under this bridge.
[    1.460016] PCI host bridge to bus 0000:00
[    1.464016] pci_bus 0000:00: root bus resource [io  0x0000-0x0cf7 window]
[    1.468014] pci_bus 0000:00: root bus resource [io  0x0d00-0xffff window]
[    1.472013] pci_bus 0000:00: root bus resource [mem 0x000a0000-0x000bffff window]
[    1.476019] pci_bus 0000:00: root bus resource [mem 0x40000000-0xfdffffff window]
[    1.480011] pci_bus 0000:00: root bus resource [bus 00-ff]
[    1.507133] pci 0000:00:01.1: legacy IDE quirk: reg 0x10: [io  0x01f0-0x01f7]
[    1.508014] pci 0000:00:01.1: legacy IDE quirk: reg 0x14: [io  0x03f6]
[    1.512013] pci 0000:00:01.1: legacy IDE quirk: reg 0x18: [io  0x0170-0x0177]
[    1.516012] pci 0000:00:01.1: legacy IDE quirk: reg 0x1c: [io  0x0376]
[    1.588320] pci 0000:00:07.0: quirk: [io  0x4000-0x403f] claimed by PIIX4 ACPI
[    1.592120] pci 0000:00:07.0: quirk: [io  0x4100-0x410f] claimed by PIIX4 SMB
[    1.631509] ACPI: PCI Interrupt Link [LNKA] (IRQs 5 9 10 *11)
[    1.644346] ACPI: PCI Interrupt Link [LNKB] (IRQs 5 9 *10 11)
[    1.654401] ACPI: PCI Interrupt Link [LNKC] (IRQs 5 *9 10 11)
[    1.666310] ACPI: PCI Interrupt Link [LNKD] (IRQs 5 9 10 *11)
[    1.678349] ACPI: Enabled 2 GPEs in block 00 to 07
[    1.684303] vgaarb: setting as boot device: PCI:0000:00:02.0
[    1.688000] vgaarb: device added: PCI:0000:00:02.0,decodes=io+mem,owns=io+mem,locks=none
[    1.688011] vgaarb: loaded
[    1.692008] vgaarb: bridge control possible 0000:00:02.0
[    1.700856] SCSI subsystem initialized
[    1.708571] ACPI: bus type USB registered
[    1.712080] usbcore: registered new interface driver usbfs
[    1.720114] usbcore: registered new interface driver hub
[    1.724032] usbcore: registered new device driver usb
[    1.736095] PCI: Using ACPI for IRQ routing
[    1.742903] NetLabel: Initializing
[    1.744008] NetLabel:  domain hash size = 128
[    1.748007] NetLabel:  protocols = UNLABELED CIPSOv4
[    1.752039] NetLabel:  unlabeled traffic allowed by default
[    1.756258] amd_nb: Cannot enumerate AMD northbridges
[    1.760488] clocksource: Switched to clocksource kvm-clock
[    1.798207] AppArmor: AppArmor Filesystem Enabled
[    1.798207] pnp: PnP ACPI init
[    1.798207] pnp: PnP ACPI: found 3 devices
[    1.955550] clocksource: acpi_pm: mask: 0xffffff max_cycles: 0xffffff, max_idle_ns: 2085701024 ns
[    1.957463] NET: Registered protocol family 2
[    1.994937] TCP established hash table entries: 8192 (order: 4, 65536 bytes)
[    1.996478] TCP bind hash table entries: 8192 (order: 5, 131072 bytes)
[    1.996478] TCP: Hash tables configured (established 8192 bind 8192)
[    1.996478] UDP hash table entries: 512 (order: 2, 16384 bytes)
[    1.996478] UDP-Lite hash table entries: 512 (order: 2, 16384 bytes)
[    1.996478] NET: Registered protocol family 1
[    1.996478] pci 0000:00:00.0: Limiting direct PCI/PCI transfers
[    1.996478] pci 0000:00:01.0: Activating ISA DMA hang workarounds
[    1.996478] Unpacking initramfs...
[    2.909098] Freeing initrd memory: 14888K
[    2.909098] clocksource: tsc: mask: 0xffffffffffffffff max_cycles: 0x22983777dd9, max_idle_ns: 440795300422 ns
[    2.909098] platform rtc_cmos: registered platform RTC device (no PNP device found)
[    2.909098] Scanning for low memory corruption every 60 seconds
[    3.062619] audit: initializing netlink subsys (disabled)
[    3.084540] audit: type=2000 audit(1691799608.896:1): initialized
[    3.113021] Initialise system trusted keyring
[    3.129115] HugeTLB registered 2 MB page size, pre-allocated 0 pages
[    3.153563] zbud: loaded
[    3.168639] VFS: Disk quotas dquot_6.6.0
[    3.172280] VFS: Dquot-cache hash table entries: 512 (order 0, 4096 bytes)
[    3.172280] squashfs: version 4.0 (2009/01/31) Phillip Lougher
[    3.220794] fuse init (API version 7.23)
[    3.232047] Key type big_key registered
[    3.235410] Allocating IMA MOK and blacklist keyrings.
[    3.302254] Key type asymmetric registered
[    3.314917] Asymmetric key parser 'x509' registered
[    3.330640] Block layer SCSI generic (bsg) driver version 0.4 loaded (major 249)
[    3.349231] io scheduler noop registered
[    3.357769] io scheduler deadline registered (default)
[    3.367791] io scheduler cfq registered
[    3.371553] pci_hotplug: PCI Hot Plug PCI Core version: 0.5
[    3.371553] pciehp: PCI Express Hot Plug Controller Driver version: 0.4
[    3.371553] ACPI: AC Adapter [AC] (off-line)
[    3.371553] input: Power Button as /devices/LNXSYSTM:00/LNXPWRBN:00/input/input0
[    3.371553] ACPI: Power Button [PWRF]
[    3.371553] input: Sleep Button as /devices/LNXSYSTM:00/LNXSLPBN:00/input/input1
[    3.371553] ACPI: Sleep Button [SLPF]
[    3.467510] GHES: HEST is not enabled!
[    3.470699] ACPI: Battery Slot [BAT0] (battery present)
[    3.493911] Serial: 8250/16550 driver, 32 ports, IRQ sharing enabled
[    3.550642] 00:02: ttyS0 at I/O 0x3f8 (irq = 4, base_baud = 115200) is a 16550A
[    3.624732] Linux agpgart interface v0.103
[    3.668546] loop: module loaded
[    3.685505] scsi host0: ata_piix
[    3.698407] scsi host1: ata_piix
[    3.707675] ata1: PATA max UDMA/33 cmd 0x1f0 ctl 0x3f6 bmdma 0xd000 irq 14
[    3.711458] ata2: PATA max UDMA/33 cmd 0x170 ctl 0x376 bmdma 0xd008 irq 15
[    3.741357] libphy: Fixed MDIO Bus: probed
[    3.754242] tun: Universal TUN/TAP device driver, 1.6
[    3.766633] tun: (C) 1999-2004 Max Krasnyansky <maxk@qualcomm.com>
[    3.786262] PPP generic driver version 2.4.2
[    3.798864] ehci_hcd: USB 2.0 'Enhanced' Host Controller (EHCI) Driver
[    3.817678] ehci-pci: EHCI PCI platform driver
[    3.828039] ehci-platform: EHCI generic platform driver
[    3.840493] ohci_hcd: USB 1.1 'Open' Host Controller (OHCI) Driver
[    3.855540] ohci-pci: OHCI PCI platform driver
[    3.868434] ohci-platform: OHCI generic platform driver
[    3.884168] uhci_hcd: USB Universal Host Controller Interface driver
[    3.904780] i8042: PNP: PS/2 Controller [PNP0303:PS2K,PNP0f03:PS2M] at 0x60,0x64 irq 1,12
[    3.973027] serio: i8042 KBD port at 0x60,0x64 irq 1
[    3.989069] serio: i8042 AUX port at 0x60,0x64 irq 12
[    4.041337] mousedev: PS/2 mouse device common for all mice
[    4.065400] rtc_cmos rtc_cmos: rtc core: registered rtc_cmos as rtc0
[    4.085370] rtc_cmos rtc_cmos: alarms up to one day, 114 bytes nvram
[    4.105102] i2c /dev entries driver
[    4.115641] device-mapper: uevent: version 1.0.3
[    4.129076] device-mapper: ioctl: 4.34.0-ioctl (2015-10-28) initialised: dm-devel@redhat.com
[    4.168794] input: AT Translated Set 2 keyboard as /devices/platform/i8042/serio0/input/input2
[    4.168856] ledtrig-cpu: registered to indicate activity on CPUs
[    4.211712] NET: Registered protocol family 10
[    4.233132] NET: Registered protocol family 17
[    4.246004] Key type dns_resolver registered
[    4.255757] registered taskstats version 1
[    4.268030] Loading compiled-in X.509 certificates
[    4.278565] Loaded X.509 cert 'Build time autogenerated kernel key: cf00e047681d67edb2720680708b7d9498083038'
[    4.306976] zswap: loaded using pool lzo/zbud
[    4.332671] Key type trusted registered
[    4.359481] Key type encrypted registered
[    4.370637] AppArmor: AppArmor sha1 policy hashing enabled
[    4.389911] ima: No TPM chip found, activating TPM-bypass!
[    4.408915] ima: Allocated hash algorithm: sha1
[    4.420778] evm: HMAC attrs: 0x1
[    4.433047]   Magic number: 3:182:304
[    4.440254] tty tty33: hash matches
[    4.451151] rtc_cmos rtc_cmos: setting system clock to 2023-08-12 00:20:08 UTC (1691799608)
[    4.471583] BIOS EDD facility v0.16 2004-Jun-25, 0 devices found
[    4.491452] EDD information not available.
[    4.538915] Freeing unused kernel memory: 1492K
[    4.580448] Write protecting the kernel read-only data: 14336k
[    4.606236] Freeing unused kernel memory: 1584K
[    4.619343] Freeing unused kernel memory: 52K
Loading, please wait...
starting version 229
[    4.721354] random: systemd-udevd: uninitialized urandom read (16 bytes read, 12 bits of entropy available)
[    4.725452] random: udevadm: uninitialized urandom read (16 bytes read, 12 bits of entropy available)
[    4.725611] random: udevadm: uninitialized urandom read (16 bytes read, 12 bits of entropy available)
[    4.771021] random: udevadm: uninitialized urandom read (16 bytes read, 12 bits of entropy available)
[    4.771086] random: udevadm: uninitialized urandom read (16 bytes read, 12 bits of entropy available)
[    4.771373] random: udevadm: uninitialized urandom read (16 bytes read, 12 bits of entropy available)
[    4.771448] random: udevadm: uninitialized urandom read (16 bytes read, 12 bits of entropy available)
[    4.771682] random: udevadm: uninitialized urandom read (16 bytes read, 12 bits of entropy available)
[    4.771927] random: udevadm: uninitialized urandom read (16 bytes read, 12 bits of entropy available)
[    4.772048] random: udevadm: uninitialized urandom read (16 bytes read, 12 bits of entropy available)
[    5.188538] Fusion MPT base driver 3.04.20
[    5.204389] Copyright (c) 1999-2008 LSI Corporation
[    5.247563] e1000: Intel(R) PRO/1000 Network Driver - version 7.3.21-k8-NAPI
[    5.267550] e1000: Copyright (c) 1999-2006 Intel Corporation.
[    5.397434] Fusion MPT SPI Host driver 3.04.20
[    5.460268] SSE version of gcm_enc/dec engaged.
[    5.645650] input: ImExPS/2 Generic Explorer Mouse as /devices/platform/i8042/serio1/input/input4
[    7.093990] e1000 0000:00:03.0 eth0: (PCI:33MHz:32-bit) 02:be:82:6b:cc:1d
[    7.121737] e1000 0000:00:03.0 eth0: Intel(R) PRO/1000 Network Connection
[    7.151757] mptbase: ioc0: Initiating bringup
[    7.787449] ioc0: LSI53C1030 A0: Capabilities={Initiator}
[    9.223321] scsi host2: ioc0: LSI53C1030 A0, FwRev=00000000h, Ports=1, MaxQ=256, IRQ=20
[    9.411653] scsi 2:0:0:0: Direct-Access     VBOX     HARDDISK         1.0  PQ: 0 ANSI: 5
[    9.543106] scsi target2:0:0: Beginning Domain Validation
[    9.589950] scsi target2:0:0: Domain Validation skipping write tests
[    9.649842] scsi target2:0:0: Ending Domain Validation
[    9.669448] scsi target2:0:0: asynchronous
[    9.709838] scsi 2:0:1:0: Direct-Access     VBOX     HARDDISK         1.0  PQ: 0 ANSI: 5
[    9.731006] scsi target2:0:1: Beginning Domain Validation
[    9.768767] scsi target2:0:1: Domain Validation skipping write tests
[    9.785660] scsi target2:0:1: Ending Domain Validation
[    9.798677] scsi target2:0:1: asynchronous
[    9.859673] sd 2:0:0:0: Attached scsi generic sg0 type 0
[    9.963173] sd 2:0:0:0: [sda] 83886080 512-byte logical blocks: (42.9 GB/40.0 GiB)
[    9.994220] sd 2:0:0:0: [sda] Write Protect is off
[   10.013380] sd 2:0:1:0: Attached scsi generic sg1 type 0
[   10.038368] sd 2:0:0:0: [sda] Incomplete mode parameter data
[   10.061995] sd 2:0:0:0: [sda] Assuming drive cache: write through
[   10.091475] sd 2:0:1:0: [sdb] 20480 512-byte logical blocks: (10.5 MB/10.0 MiB)
[   10.113421]  sda: sda1
[   10.126539] sd 2:0:1:0: [sdb] Write Protect is off
[   10.161642] sd 2:0:1:0: [sdb] Incomplete mode parameter data
[   10.175099] sd 2:0:1:0: [sdb] Assuming drive cache: write through
[   10.201234] sd 2:0:0:0: [sda] Attached SCSI disk
[   10.243237] sd 2:0:1:0: [sdb] Attached SCSI disk
[   11.149139] e1000 0000:00:08.0 eth1: (PCI:33MHz:32-bit) 08:00:27:36:f3:87
[   11.167993] e1000 0000:00:08.0 eth1: Intel(R) PRO/1000 Network Connection
[   11.193698] e1000 0000:00:08.0 enp0s8: renamed from eth1
[   11.217797] e1000 0000:00:03.0 enp0s3: renamed from eth0
Begin: Loading essential drivers ... [   14.341496] md: linear personality registered for level -1
[   14.369664] md: multipath personality registered for level -4
[   14.391044] md: raid0 personality registered for level 0
[   14.445345] md: raid1 personality registered for level 1
[   14.544785] raid6: sse2x1   gen()  3814 MB/s
[   14.624779] raid6: sse2x1   xor()  3300 MB/s
[   14.705675] raid6: sse2x2   gen()  6109 MB/s
[   14.780286] raid6: sse2x2   xor()  3664 MB/s
[   14.860978] raid6: sse2x4   gen()  5727 MB/s
[   14.940408] raid6: sse2x4   xor()  4087 MB/s
[   14.950122] raid6: using algorithm sse2x2 gen() 6109 MB/s
[   14.962820] raid6: .... xor() 3664 MB/s, rmw enabled
[   14.975303] raid6: using ssse3x2 recovery algorithm
[   15.001988] xor: measuring software checksum speed
[   19.912784]    prefetch64-sse: 1895253.000 MB/sec
[   20.032553]    generic_sse: 19276.000 MB/sec
[   20.047093] xor: using function: prefetch64-sse (1895253.000 MB/sec)
[   20.074917] async_tx: api initialized (async)
[   20.229286] md: raid6 personality registered for level 6
[   20.243875] md: raid5 personality registered for level 5
[   20.257742] md: raid4 personality registered for level 4
[   20.338011] md: raid10 personality registered for level 10
done.
Begin: Running /scripts/init-premount ... done.
Begin: Mounting root file system ... Begin: Running /scripts/local-top ... done.
Begin: Running /scripts/local-premount ... [   20.603077] Btrfs loaded
Scanning for Btrfs filesystems
done.
Warning: fsck not present, so skipping root file system
[   20.823181] EXT4-fs (sda1): mounted filesystem with ordered data mode. Opts: (null)
done.
Begin: Running /scripts/local-bottom ... done.
Begin: Running /scripts/init-bottom ... done.
[   21.269071] systemd[1]: systemd 229 running in system mode. (+PAM +AUDIT +SELINUX +IMA +APPARMOR +SMACK +SYSVINIT +UTMP +LIBCRYPTSETUP +GCRYPT +GNUTLS +ACL +XZ -LZ4 +SECCOMP +BLKID +ELFUTILS +KMOD -IDN)
[   21.318889] systemd[1]: Detected virtualization oracle.
[   21.334365] systemd[1]: Detected architecture x86-64.

Welcome to [1mUbuntu 16.04.7 LTS[0m!

[   21.382768] systemd[1]: Set hostname to <ubuntu>.
[   21.414973] systemd[1]: Initializing machine ID from random generator.
[   21.431963] systemd[1]: Installed transient /etc/machine-id file.
[   21.682183] random: nonblocking pool is initialized
[   22.176336] systemd[1]: Started Trigger resolvconf update for networkd DNS.
[[0;32m  OK  [0m] Started Trigger resolvconf update for networkd DNS.
[   22.197510] systemd[1]: Reached target System Time Synchronized.
[[0;32m  OK  [0m] Reached target System Time Synchronized.
[   22.219128] systemd[1]: Listening on udev Kernel Socket.
[[0;32m  OK  [0m] Listening on udev Kernel Socket.
[   22.237237] systemd[1]: Listening on Journal Audit Socket.
[[0;32m  OK  [0m] Listening on Journal Audit Socket.
[   22.258324] systemd[1]: Set up automount Arbitrary Executable File Formats File System Automount Point.
[[0;32m  OK  [0m] Set up automount Arbitrary Executab...ats File System Automount Point.
[   22.290968] systemd[1]: Reached target Swap.
[[0;32m  OK  [0m] Reached target Swap.
[   22.309188] systemd[1]: Started Forward Password Requests to Wall Directory Watch.
[[0;32m  OK  [0m] Started Forward Password Requests to Wall Directory Watch.
[   22.337766] systemd[1]: Listening on fsck to fsckd communication Socket.
[[0;32m  OK  [0m] Listening on fsck to fsckd communication Socket.
[   22.366461] systemd[1]: Listening on udev Control Socket.
[[0;32m  OK  [0m] Listening on udev Control Socket.
[   22.392483] systemd[1]: Listening on LVM2 metadata daemon socket.
[[0;32m  OK  [0m] Listening on LVM2 metadata daemon socket.
[   22.422444] systemd[1]: Listening on Journal Socket.
[[0;32m  OK  [0m] Listening on Journal Socket.
[   22.446692] systemd[1]: Listening on Device-mapper event daemon FIFOs.
[[0;32m  OK  [0m] Listening on Device-mapper event daemon FIFOs.
[   22.477915] systemd[1]: Listening on Syslog Socket.
[[0;32m  OK  [0m] Listening on Syslog Socket.
[   22.505803] systemd[1]: Created slice System Slice.
[[0;32m  OK  [0m] Created slice System Slice.
[   22.550023] systemd[1]: Starting Create list of required static device nodes for the current kernel...
         Starting Create list of required st... nodes for the current kernel...
[   22.596613] systemd[1]: Mounting Debug File System...
         Mounting Debug File System...
[   22.643508] systemd[1]: Starting Nameserver information manager...
         Starting Nameserver information manager...
[   22.684047] systemd[1]: Mounting Huge Pages File System...
         Mounting Huge Pages File System...
[   22.725178] systemd[1]: Starting Load Kernel Modules...
         Starting Load Kernel Modules...
[   22.806619] Loading iSCSI transport class v2.0-870.
[   22.808953] systemd[1]: Mounting POSIX Message Queue File System...
         Mounting POSIX Message Queue File System...
[   22.860359] systemd[1]: Starting File System Check on Root Device...
         Starting File System Check on Root Device...[   22.918490] iscsi: registered transport (tcp)

[   22.962113] systemd[1]: Starting Uncomplicated firewall...
         Starting Uncomplicated firewall...
[   23.003143] systemd[1]: Reached target User and Group Name Lookups.
[[0;32m  OK  [0m] Reached target User and Group Name Lookups.
[   23.076257] systemd[1]: Listening on Journal Socket (/dev/log).
[[0;32m  OK  [0m] Listening on Journal Socket (/dev/log).
[   23.161509] systemd[1]: Starting Journal Service...
         Starting Journal Service...
[   23.215497] systemd[1]: Created slice User and Session Slice.
[[0;32m  OK  [0m] Created slice User and Session Slice.
[   23.262236] systemd[1]: Reached target Slices.
[[0;32m  OK  [0m] Reached target Slices.
[   23.318674] systemd[1]: Starting Monitoring of LVM2 mirrors, snapshots etc. using dmeventd or progress polling...
         Starting Monitoring of LVM2 mirrors... dmeventd or progress polling...
[   23.397834] systemd[1]: Starting Set console keymap...
         Starting Set console keymap...
[   23.439651] systemd[1]: Listening on LVM2 poll daemon socket.
[   23.462787] iscsi: registered transport (iser)
[[0;32m  OK  [0m] Listening on LVM2 poll daemon socket.
[   23.491659] systemd[1]: Created slice system-serial\x2dgetty.slice.
[[0;32m  OK  [0m] Created slice system-serial\x2dgetty.slice.
[   23.523603] systemd[1]: Reached target Encrypted Volumes.
[[0;32m  OK  [0m] Reached target Encrypted Volumes.
[   23.553347] systemd[1]: Listening on /dev/initctl Compatibility Named Pipe.
[[0;32m  OK  [0m] Listening on /dev/initctl Compatibility Named Pipe.
[   23.604971] systemd[1]: Mounted Huge Pages File System.
[[0;32m  OK  [0m] Mounted Huge Pages File System.
[   23.656786] systemd[1]: Mounted POSIX Message Queue File System.
[[0;32m  OK  [0m] Mounted POSIX Message Queue File System.
[   23.690648] systemd[1]: Mounted Debug File System.
[[0;32m  OK  [0m] Mounted Debug File System.
[   23.723776] systemd[1]: Started Journal Service.
[[0;32m  OK  [0m] Started Journal Service.
[[0;32m  OK  [0m] Started Create list of required sta...ce nodes for the current kernel.
[[0;32m  OK  [0m] Started Load Kernel Modules.
[[0;32m  OK  [0m] Started File System Check on Root Device.
[[0;32m  OK  [0m] Started Uncomplicated firewall.
[[0;32m  OK  [0m] Started Set console keymap.
[[0;32m  OK  [0m] Started Nameserver information manager.
[[0;32m  OK  [0m] Started File System Check Daemon to report status.
[[0;32m  OK  [0m] Started LVM2 metadata daemon.
         Starting Remount Root and Kernel File Systems...
         Starting Apply Kernel Variables...
         Mounting FUSE Control File System...
         Starting Create Static Device Nodes in /dev...
[   24.130874] EXT4-fs (sda1): re-mounted. Opts: (null)
[[0;32m  OK  [0m] Mounted FUSE Control File System.
[[0;32m  OK  [0m] Started Remount Root and Kernel File Systems.
         Starting Flush Journal to Persistent Storage...
         Starting udev Coldplug all Devices...
         Starting Load/Save Random Seed...
[[0;32m  OK  [0m] Started Apply Kernel Variables.
[[0;32m  OK  [0m] Started Create Static Device Nodes in /dev.
         Starting udev Kernel Device Manager...
[[0;32m  OK  [0m] Started Monitoring of LVM2 mirrors,...ng dmeventd or progress polling.
[[0;32m  OK  [0m] Started Load/Save Random Seed.
[[0;32m  OK  [0m] Started udev Kernel Device Manager.
[[0;32m  OK  [0m] Reached target Local File Systems (Pre).
[[0;32m  OK  [0m] Reached target Local File Systems.
         Starting Set console font and keymap...
         Starting LSB: AppArmor initialization...
         Starting Tell Plymouth To Write Out Runtime Data...
         Starting Commit a transient machine-id on disk...
         Starting Initial cloud-init job (pre-networking)...
[[0;32m  OK  [0m] Started Flush Journal to Persistent Storage.
[[0;32m  OK  [0m] Started udev Coldplug all Devices.
[[0;32m  OK  [0m] Started Tell Plymouth To Write Out Runtime Data.
[[0;32m  OK  [0m] Started Commit a transient machine-id on disk.
[[0;32m  OK  [0m] Found device /dev/ttyS0.
[[0;32m  OK  [0m] Listening on Load/Save RF Kill Switch Status /dev/rfkill Watch.
[[0;32m  OK  [0m] Started Dispatch Password Requests to Console Directory Watch.
         Starting Create Volatile Files and Directories...
[   30.824874] [[0;32m  OK  [0m] Started Create Volatile Files and Directories.
[[0;32m  OK  [0m] Started LSB: AppArmor initialization.
[[0;32m  OK  [0m] Started Initial cloud-init job (pre-networking).
[[0;32m  OK  [0m] Reached target Network (Pre).
cloud-init[517]:          Starting Load AppArmor profiles managed internally by snapd...
         Starting Raise network interfaces...
         Starting Update UTMP about System Boot/Shutdown...
Cloud-init v. 21.1-19-gbad84ad4-0ubuntu1~16.04.2 running 'init-local' at Sat, 12 Aug 2023 00:20:32 +0000. Up 28.69 seconds.
[[0;32m  OK  [0m] Started Update UTMP about System Boot/Shutdown.
[[0;32m  OK  [0m] Started Load AppArmor profiles managed internally by snapd.
[[0;32m  OK  [0m] Started Set console font and keymap.
[[0;32m  OK  [0m] Created slice system-getty.slice.
[[0;32m  OK  [0m] Started Raise network interfaces.
         Starting Initial cloud-init job (metadata service crawler)...
[[0;32m  OK  [0m] Reached target Network.
[   36.866839] cloud-init[973]: Cloud-init v. 21.1-19-gbad84ad4-0ubuntu1~16.04.2 running 'init' at Sat, 12 Aug 2023 00:20:39 +0000. Up 35.15 seconds.
[   36.888149] cloud-init[973]: ci-info: ++++++++++++++++++++++++++++++++++++++Net device info+++++++++++++++++++++++++++++++++++++++
[   36.908223] cloud-init[973]: ci-info: +--------+-------+----------------------------+---------------+--------+-------------------+
[   36.934784] cloud-init[973]: ci-info: | Device |   Up  |          Address           |      Mask     | Scope  |     Hw-Address    |
[   36.951658] cloud-init[973]: ci-info: +--------+-------+----------------------------+---------------+--------+-------------------+
[   36.974237] cloud-init[973]: ci-info: | enp0s3 |  True |         10.0.2.15          | 255.255.255.0 | global | 02:be:82:6b:cc:1d |
[   36.993720] cloud-init[973]: ci-info: | enp0s3 |  True | fe80::be:82ff:fe6b:cc1d/64 |       .       |  link  | 02:be:82:6b:cc:1d |
[   37.013964] cloud-init[973]: ci-info: | enp0s8 | False |             .              |       .       |   .    | 08:00:27:36:f3:87 |
[   37.035018] cloud-init[973]: ci-info: |   lo   |  True |         127.0.0.1          |   255.0.0.0   |  host  |         .         |
[   37.069517] cloud-init[973]: ci-info: |   lo   |  True |          ::1/128           |       .       |  host  |         .         |
[   37.093438] cloud-init[973]: ci-info: +--------+-------+----------------------------+---------------+--------+-------------------+
[   37.116102] cloud-init[973]: ci-info: +++++++++++++++++++++++++++Route IPv4 info++++++++++++++++++++++++++++
[   37.137379] cloud-init[973]: ci-info: +-------+-------------+----------+---------------+-----------+-------+
[   37.154832] cloud-init[973]: ci-info: | Route | Destination | Gateway  |    Genmask    | Interface | Flags |
[   37.177868] cloud-init[973]: ci-info: +-------+-------------+----------+---------------+-----------+-------+
[   37.195225] cloud-init[973]: ci-info: |   0   |   0.0.0.0   | 10.0.2.2 |    0.0.0.0    |   enp0s3  |   UG  |
[   37.213759] cloud-init[973]: ci-info: |   1   |   10.0.2.0  | 0.0.0.0  | 255.255.255.0 |   enp0s3  |   U   |
[   37.232132] cloud-init[973]: ci-info: +-------+-------------+----------+---------------+-----------+-------+
[   37.259079] cloud-init[973]: ci-info: +++++++++++++++++++Route IPv6 info+++++++++++++++++++
[   37.282115] cloud-init[973]: ci-info: +-------+-------------+---------+-----------+-------+
[   37.294955] cloud-init[973]: ci-info: | Route | Destination | Gateway | Interface | Flags |
[   37.312063] cloud-init[973]: ci-info: +-------+-------------+---------+-----------+-------+
[   37.331665] cloud-init[973]: ci-info: |   0   |  fe80::/64  |    ::   |   enp0s3  |   U   |
[   37.353898] cloud-init[973]: ci-info: |   3   |   ff00::/8  |    ::   |   enp0s3  |   U   |
[   37.387128] cloud-init[973]: ci-info: +-------+-------------+---------+-----------+-------+
[   37.421390] cloud-init[973]: Generating public/private rsa key pair.
[   37.452086] cloud-init[973]: Your identification has been saved in /etc/ssh/ssh_host_rsa_key.
[   37.471039] cloud-init[973]: Your public key has been saved in /etc/ssh/ssh_host_rsa_key.pub.
[[0;32m  OK  [0m] Started Initial cloud-init job (metadata service crawler).
[   37.494355] cloud-init[973]: The key fingerprint is:
[[   37.519447] cloud-init[973]: SHA256:XH8wHFDXOK30zqOmwzHNhI+yr+wXUdyfI8gBHGIfVCA root@ubuntu-xenial
[   37.529258] cloud-init[973]: The key's randomart image is:
[   37.529465] cloud-init[973]: +---[RSA 2048]----+
[   37.531593] cloud-init[973]: |       Eo**++ o+ |
[   37.535323] cloud-init[973]: |      . +..o =+.o|
[   37.536133] cloud-init[973]: |         .o O. +o|
[   37.539198] cloud-init[973]: |       . . * =.oo|
[   37.541333] cloud-init[973]: |        S   O oo.|
[   37.542355] cloud-init[973]: |         . = = .o|
[   37.543257] cloud-init[973]: |          + + . .|
[   37.548951] cloud-init[973]: |        .. + o   |
[   37.549944] cloud-init[973]: |        .++o+    |
[   37.550946] cloud-init[973]: +----[SHA256]-----+
[   37.553756] cloud-init[973]: Generating public/private dsa key pair.
[   37.555567] cloud-init[973]: Your identification has been saved in /etc/ssh/ssh_host_dsa_key.
[   37.558247] cloud-init[973]: Your public key has been saved in /etc/ssh/ssh_host_dsa_key.pub.
[   37.559078] cloud-init[973]: The key fingerprint is:
[   37.562153] cloud-init[973]: SHA256:bVDjsPSh69gf5oM4mmP6Y9iierBJ1xKKAYtcp4iVQ7A root@ubuntu-xenial
[   37.569712] cloud-init[973]: The key's randomart image is:
[   37.572037] cloud-init[973]: +---[DSA 1024]----+
[   37.576201] cloud-init[973]: |.o..    o +      |
[   37.576288] cloud-init[973]: |..+. . . B o     |
[   37.576454] cloud-init[973]: |Eoo.o   + o      |
[   37.576535] cloud-init[973]: |=o o     +       |
[   37.576607] cloud-init[973]: |... o   S o      |
[   37.576674] cloud-init[973]: |oo o . + .       |
[   37.577155] cloud-init[973]: |.+.o. ..o.o      |
[   37.578109] cloud-init[973]: |o + *.o .+..     |
[   37.579115] cloud-init[973]: |+o.*++ .  o.     |
[   37.580604] cloud-init[973]: +----[SHA256]-----+
[   37.581677] cloud-init[973]: Generating public/private ecdsa key pair.
[   37.582478] cloud-init[973]: Your identification has been saved in /etc/ssh/ssh_host_ecdsa_key.
[   37.583350] cloud-init[973]: Your public key has been saved in /etc/ssh/ssh_host_ecdsa_key.pub.
[   37.591414] cloud-init[973]: The key fingerprint is:
[   37.591568] cloud-init[973]: SHA256:4kPL4CFIbbDIwhtE1zjYUD8yfU2MUF5IbbZydkdj0QI root@ubuntu-xenial
[   37.591649] cloud-init[973]: The key's randomart image is:
[   37.591747] cloud-init[973]: +---[ECDSA 256]---+
[   37.591833] cloud-init[973]: |.==oo.+o=o E..o  |
[   37.591902] cloud-init[973]: |=.=+o..o+=   = . |
[   37.591968] cloud-init[973]: |o* =.+ oo.. o o  |
[   37.592036] cloud-init[973]: |o.+ o o. + . .   |
[   37.592107] cloud-init[973]: |... o o S . .    |
[   37.592185] cloud-init[973]: |   o * o         |
[   37.592249] cloud-init[973]: |    . =          |
[   37.592307] cloud-init[973]: |       .         |
[   37.592381] cloud-init[973]: |                 |
[   37.592513] cloud-init[973]: +----[SHA256]-----+
[   37.592586] cloud-init[973]: Generating public/private ed25519 key pair.
[   37.592726] cloud-init[973]: Your identification has been saved in /etc/ssh/ssh_host_ed25519_key.
[   37.592893] cloud-init[973]: Your public key has been saved in /etc/ssh/ssh_host_ed25519_key.pub.
[   37.592980] cloud-init[973]: The key fingerprint is:
[   37.593062] cloud-init[973]: SHA256:nA6XgVIDzt5tW3H2XszsloJcpehIXTFsbhIzGegzbHI root@ubuntu-xenial
[   37.593140] cloud-init[973]: The key's randomart image is:
[   37.593208] cloud-init[973]: +--[ED25519 256]--+
[   37.593270] cloud-init[973]: |    ..o   ..+o   |
[   37.593335] cloud-init[973]: |   o . o . = oo  |
[   37.593423] cloud-init[973]: |    + . + . O. . |
[   37.593504] cloud-init[973]: |   . o + E.=o+o+ |
[   37.593637] cloud-init[973]: |    . o S.+ooo. =|
[   37.593755] cloud-init[973]: |       =.o+ o. o.|
[   37.593953] cloud-init[973]: |        o. + ...o|
[   37.594025] cloud-init[973]: |              .. |
[   37.594083] cloud-init[973]: |                 |
[   37.594154] cloud-init[973]: +----[SHA256]-----+
[0;32m  OK  [0m] Reached target System Initialization.
         Starting Socket activation for snappy daemon.
[[0;32m  OK  [0m] Started Daily apt download activities.
[[0;32m  OK  [0m] Started ACPI Events Check.
[[0;32m  OK  [0m] Reached target Paths.
         Starting LXD - unix socket.
[[0;32m  OK  [0m] Started Message of the Day.
[[0;32m  OK  [0m] Listening on UUID daemon activation socket.
[[0;32m  OK  [0m] Started Daily apt upgrade and clean activities.
[[0;32m  OK  [0m] Listening on ACPID Listen Socket.
[[0;32m  OK  [0m] Listening on D-Bus System Message Bus Socket.
[[0;32m  OK  [0m] Started Ubuntu Advantage update messaging.
[[0;32m  OK  [0m] Started Daily Cleanup of Temporary Directories.
[[0;32m  OK  [0m] Reached target Timers.
[[0;32m  OK  [0m] Reached target Cloud-config availability.
[[0;32m  OK  [0m] Reached target Network is Online.
         Starting iSCSI initiator daemon (iscsid)...
[[0;32m  OK  [0m] Listening on Socket activation for snappy daemon.
[[0;32m  OK  [0m] Listening on LXD - unix socket.
[[0;32m  OK  [0m] Reached target Sockets.
[[0;32m  OK  [0m] Reached target Basic System.
[[0;32m  OK  [0m] Started Deferred execution scheduler.
         Starting /etc/rc.local Compatibility...
         Starting Login Service...
[[0;32m  OK  [0m] Started Regular background program processing daemon.
         Starting LSB: MD monitoring daemon...
         Starting Pollinate to seed the pseudo random number generator...
[[0;32m  OK  [0m] Started FUSE filesystem for LXC.
         Starting Accounts Service...
[[0;32m  OK  [0m] Started D-Bus System Message Bus.
         Starting LXD - container startup/shutdown...
         Starting LSB: Record successful boot for GRUB...
         Starting System Logging Service...
         Starting Snap Daemon...
[[0;32m  OK  [0m] Started ACPI event daemon.
         Starting Virtualbox guest utils...
[[0;32m  OK  [0m] Started System Logging Service.
[[0;32m  OK  [0m] Started /etc/rc.local Compatibility.
[[0;32m  OK  [0m] Started iSCSI initiator daemon (iscsid).
[[0;32m  OK  [0m] Started LXD - container startup/shutdown.
[[0;32m  OK  [0m] Started Login Service.
[[0;32m  OK  [0m] Started Unattended Upgrades Shutdown.
         Starting Authenticate and Authorize Users to Run Privileged Tasks...
         Starting Login to default iSCSI targets...
[[0;32m  OK  [0m] Started LSB: MD monitoring daemon.
[[0;32m  OK  [0m] Started LSB: Record successful boot for GRUB.
[[0;32m  OK  [0m] Started Login to default iSCSI targets.
[[0;32m  OK  [0m] Reached target Remote File Systems (Pre).
[[0;32m  OK  [0m] Reached target Remote File Systems.
         Starting LSB: daemon to balance interrupts for SMP systems...
         Starting LSB: automatic crash report generation...
         Starting Permit User Sessions...
         Starting LSB: Set the CPU Frequency Scaling governor to "ondemand"...
[[0;32m  OK  [0m] Started Authenticate and Authorize Users to Run Privileged Tasks.
[[0;32m  OK  [0m] Started Accounts Service.
[[0;32m  OK  [0m] Started Permit User Sessions.
         Starting Terminate Plymouth Boot Screen...
         Starting Hold until boot process finishes up...
[[0;32m  OK  [0m] Started Terminate Plymouth Boot Screen.
[[0;32m  OK  [0m] Started Hold until boot process finishes up.
[[0;32m  OK  [0m] Started Getty on tty1.
[[0;32m  OK  [0m] Started Serial Getty on ttyS0.
[[0;32m  OK  [0m] Reached target Login Prompts.
         Starting Set console scheme...
[[0;32m  OK  [0m] Started Pollinate to seed the pseudo random number generator.
[[0;32m  OK  [0m] Started Set console scheme.
         Starting OpenBSD Secure Shell server...
[[0;32m  OK  [0m] Started LSB: Set the CPU Frequency Scaling governor to "ondemand".
[[0;32m  OK  [0m] Started LSB: automatic crash report generation.
[[0;32m  OK  [0m] Started Virtualbox guest utils.
[[0;32m  OK  [0m] Started LSB: daemon to balance interrupts for SMP systems.
[[0;32m  OK  [0m] Started OpenBSD Secure Shell server.
[[0;32m  OK  [0m] Started Snap Daemon.
         Starting Wait until snapd is fully seeded...
[[0;32m  OK  [0m] Created slice User Slice of vagrant.
         Starting User Manager for UID 1000...
[[0;32m  OK  [0m] Started Session 1 of user vagrant.
[[0;32m  OK  [0m] Started User Manager for UID 1000.
[[0;32m  OK  [0m] Started Wait until snapd is fully seeded.
         Starting Apply the settings specified in cloud-config...
[[0;32m  OK  [0m] Reached target Multi-User System.
[[0;32m  OK  [0m] Reached target Graphical Interface.
         Starting Update UTMP about System Runlevel Changes...
[[0;32m  OK  [0m] Started Update UTMP about System Runlevel Changes.

Ubuntu 16.04.7 LTS ubuntu-xenial ttyS0

ubuntu-xenial login: [   46.303542] cloud-init[1424]: Generating locales (this might take a while)...
[   49.406878] cloud-init[1424]:   en_US.UTF-8... done
[   49.421030] cloud-init[1424]: Generation complete.
[   50.345027] cloud-init[1424]: Cloud-init v. 21.1-19-gbad84ad4-0ubuntu1~16.04.2 running 'modules:config' at Sat, 12 Aug 2023 00:20:49 +0000. Up 45.64 seconds.
ci-info: no authorized SSH keys fingerprints found for user ubuntu.
<14>Aug 12 00:20:55 ec2: 
<14>Aug 12 00:20:55 ec2: #############################################################
<14>Aug 12 00:20:55 ec2: -----BEGIN SSH HOST KEY FINGERPRINTS-----
<14>Aug 12 00:20:55 ec2: 1024 SHA256:bVDjsPSh69gf5oM4mmP6Y9iierBJ1xKKAYtcp4iVQ7A root@ubuntu-xenial (DSA)
<14>Aug 12 00:20:55 ec2: 256 SHA256:4kPL4CFIbbDIwhtE1zjYUD8yfU2MUF5IbbZydkdj0QI root@ubuntu-xenial (ECDSA)
<14>Aug 12 00:20:55 ec2: 256 SHA256:nA6XgVIDzt5tW3H2XszsloJcpehIXTFsbhIzGegzbHI root@ubuntu-xenial (ED25519)
<14>Aug 12 00:20:55 ec2: 2048 SHA256:XH8wHFDXOK30zqOmwzHNhI+yr+wXUdyfI8gBHGIfVCA root@ubuntu-xenial (RSA)
<14>Aug 12 00:20:55 ec2: -----END SSH HOST KEY FINGERPRINTS-----
<14>Aug 12 00:20:55 ec2: #############################################################
-----BEGIN SSH HOST KEY KEYS-----
ecdsa-sha2-nistp256 AAAAE2VjZHNhLXNoYTItbmlzdHAyNTYAAAAIbmlzdHAyNTYAAABBBDLUKkJUmm7ww1hEhF5UlYuzKVt56CCg5pe67VzKU011874PVtBMTjJRkwKyhO6gtQZNJveE9Uw5BjoDhlc/vIM= root@ubuntu-xenial
ssh-ed25519 AAAAC3NzaC1lZDI1NTE5AAAAIMAQgHqvQir9kNnB9de7phG3PbZEosRQxIxsKkfLVYin root@ubuntu-xenial
ssh-rsa AAAAB3NzaC1yc2EAAAADAQABAAABAQCuDnQK1YFDw2VnVCwJeQd64dnkfIPMteM5gdA9WrSU+kfphz6gljc/0hSlgoowdbRDpojA1vzBVs/AyE8xPulExctbv3YVkM3EWBSagxVrpD5yx/d+SYIivXzG+IOa4MA3v175h3aeIPWGWJ69oli5cAx7yULrpGeuGViV4IhJ1ygEDVTQDyr5TFkQKFan+8wNNbdBfzah2DeRhYlCi2T/34MsOaLOcMm7T5EjqKenJ/RB5w2QnZBe88qR4a5rfhmeilAVfbqdnpMf/8a+vPPTcZmYx5v4i0SFogAlo7+CGy/c9+5gJYJiH4m6sbeeW4Y6Qw2FDk1uLaIdkaeUCKw3 root@ubuntu-xenial
-----END SSH HOST KEY KEYS-----
[   51.504113] cloud-init[1600]: Cloud-init v. 21.1-19-gbad84ad4-0ubuntu1~16.04.2 running 'modules:final' at Sat, 12 Aug 2023 00:20:55 +0000. Up 50.96 seconds.
[   51.510639] cloud-init[1600]: ci-info: no authorized SSH keys fingerprints found for user ubuntu.
[   51.528863] cloud-init[1600]: Cloud-init v. 21.1-19-gbad84ad4-0ubuntu1~16.04.2 finished at Sat, 12 Aug 2023 00:20:55 +0000. Datasource DataSourceNoCloud [seed=/dev/sdb][dsmode=net].  Up 51.39 seconds
